Archive member included because of file (symbol)

C:\Program Files (x86)\VEX Robotics\VEXcode Pro V5\sdk/vexv5\libv5rt.a(v5_startup.c.obj)
                              (vexStartup)
C:\Program Files (x86)\VEX Robotics\VEXcode Pro V5\sdk/vexv5\libv5rt.a(v5_util.c.obj)
                              C:\Program Files (x86)\VEX Robotics\VEXcode Pro V5\sdk/vexv5\libv5rt.a(v5_startup.c.obj) (vexStdlibVersionLinked)
C:\Program Files (x86)\VEX Robotics\VEXcode Pro V5\sdk/vexv5\libv5rt.a(v5_apijump.c.obj)
                              C:\Program Files (x86)\VEX Robotics\VEXcode Pro V5\sdk/vexv5\libv5rt.a(v5_startup.c.obj) (vexPrivateApiEnable)
C:\Program Files (x86)\VEX Robotics\VEXcode Pro V5\sdk/vexv5\libv5rt.a(v5_apiuser.c.obj)
                              build/src/main.o (vexDelay)
C:\Program Files (x86)\VEX Robotics\VEXcode Pro V5\sdk/vexv5\libv5rt.a(v5_apiversions.c.obj)
                              C:\Program Files (x86)\VEX Robotics\VEXcode Pro V5\sdk/vexv5\libv5rt.a(v5_apijump.c.obj) (vexSystemVersion)
C:\Program Files (x86)\VEX Robotics\VEXcode Pro V5\sdk/vexv5\libv5rt.a(vex_global.cpp.obj)
                              build/src/main.o (vex::wait(double, vex::timeUnits))
C:\Program Files (x86)\VEX Robotics\VEXcode Pro V5\sdk/vexv5\libv5rt.a(vex_motor.cpp.obj)
                              build/src/robot-config.o (vex::motor::~motor())
C:\Program Files (x86)\VEX Robotics\VEXcode Pro V5\sdk/vexv5\libv5rt.a(vex_optical.cpp.obj)
                              build/src/robot-config.o (vex::optical::~optical())
C:\Program Files (x86)\VEX Robotics\VEXcode Pro V5\sdk/vexv5\libv5rt.a(vex_controller.cpp.obj)
                              build/src/robot-config.o (vex::controller::~controller())
C:\Program Files (x86)\VEX Robotics\VEXcode Pro V5\sdk/vexv5\libv5rt.a(vex_task.cpp.obj)
                              build/src/sylib/system.o (vex::task::task(int (*)()))
C:\Program Files (x86)\VEX Robotics\VEXcode Pro V5\sdk/vexv5\libv5rt.a(vex_thread.cpp.obj)
                              build/src/gifclass.o (vex::thread::thread(int (*)(void*), void*))
C:\Program Files (x86)\VEX Robotics\VEXcode Pro V5\sdk/vexv5\libv5rt.a(vex_event.cpp.obj)
                              C:\Program Files (x86)\VEX Robotics\VEXcode Pro V5\sdk/vexv5\libv5rt.a(vex_optical.cpp.obj) (vex::event::init(unsigned long, unsigned long, void (*)()))
C:\Program Files (x86)\VEX Robotics\VEXcode Pro V5\sdk/vexv5\libv5rt.a(vex_mevent.cpp.obj)
                              C:\Program Files (x86)\VEX Robotics\VEXcode Pro V5\sdk/vexv5\libv5rt.a(vex_controller.cpp.obj) (vex::mevent::mevent(unsigned long, unsigned long))
C:\Program Files (x86)\VEX Robotics\VEXcode Pro V5\sdk/vexv5\libv5rt.a(vex_brain.cpp.obj)
                              build/src/gifclass.o (vex::brain::lcd::lcd())
C:\Program Files (x86)\VEX Robotics\VEXcode Pro V5\sdk/vexv5\libv5rt.a(vex_competition.cpp.obj)
                              build/src/main.o (vex::competition::competition())
C:\Program Files (x86)\VEX Robotics\VEXcode Pro V5\sdk/vexv5\libv5rt.a(vex_triport.cpp.obj)
                              C:\Program Files (x86)\VEX Robotics\VEXcode Pro V5\sdk/vexv5\libv5rt.a(vex_brain.cpp.obj) (vex::triport::~triport())
C:\Program Files (x86)\VEX Robotics\VEXcode Pro V5\sdk/vexv5\libv5rt.a(vex_color.cpp.obj)
                              C:\Program Files (x86)\VEX Robotics\VEXcode Pro V5\sdk/vexv5\libv5rt.a(vex_optical.cpp.obj) (vex::color::~color())
C:\Program Files (x86)\VEX Robotics\VEXcode Pro V5\sdk/vexv5\libv5rt.a(vex_timer.cpp.obj)
                              build/src/gifclass.o (vex::timer::~timer())
C:\Program Files (x86)\VEX Robotics\VEXcode Pro V5\sdk/vexv5\libv5rt.a(vex_motorgroup.cpp.obj)
                              build/src/robot-config.o (vex::motor_group::motor_group())
C:\Program Files (x86)\VEX Robotics\VEXcode Pro V5\sdk/vexv5\libv5rt.a(vex_drivetrain.cpp.obj)
                              build/src/robot-config.o (vex::drivetrain::~drivetrain())
C:\Program Files (x86)\VEX Robotics\VEXcode Pro V5\sdk/vexv5\libv5rt.a(vex_device.cpp.obj)
                              C:\Program Files (x86)\VEX Robotics\VEXcode Pro V5\sdk/vexv5\libv5rt.a(vex_motor.cpp.obj) (vex::device::~device())
C:\Program Files (x86)\VEX Robotics\VEXcode Pro V5\sdk/vexv5/gcc/libs\libc.a(lib_a-aeabi_memclr.o)
                              build/src/sylib/addrled.o (__aeabi_memclr4)
C:\Program Files (x86)\VEX Robotics\VEXcode Pro V5\sdk/vexv5/gcc/libs\libc.a(lib_a-aeabi_memcpy.o)
                              build/src/gifclass.o (__aeabi_memcpy)
C:\Program Files (x86)\VEX Robotics\VEXcode Pro V5\sdk/vexv5/gcc/libs\libc.a(lib_a-aeabi_memmove-soft.o)
                              build/src/sylib/math.o (__aeabi_memmove4)
C:\Program Files (x86)\VEX Robotics\VEXcode Pro V5\sdk/vexv5/gcc/libs\libc.a(lib_a-aeabi_memset-soft.o)
                              build/src/gifclass.o (__aeabi_memset)
[...]
Memory Configuration

Name             Origin             Length             Attributes
ps7_ddr_0_S_AXI_BASEADDR 0x03800000         0x04800000
*default*        0x00000000         0xffffffff

Linker script and memory map

                0x03200000                _HEAP_SIZE = 0x3200000
                0x00002000                _STACK_SIZE = DEFINED (_STACK_SIZE)?_STACK_SIZE:0x2000
                0x00100000                _HEAP_SIZE = DEFINED (_HEAP_SIZE)?_HEAP_SIZE:0x100000
                0x00000400                _ABORT_STACK_SIZE = DEFINED (_ABORT_STACK_SIZE)?_ABORT_STACK_SIZE:0x400
                0x00000800                _SUPERVISOR_STACK_SIZE = DEFINED (_SUPERVISOR_STACK_SIZE)?_SUPERVISOR_STACK_SIZE:0x800
                0x00000400                _IRQ_STACK_SIZE = DEFINED (_IRQ_STACK_SIZE)?_IRQ_STACK_SIZE:0x400
                0x00000400                _FIQ_STACK_SIZE = DEFINED (_FIQ_STACK_SIZE)?_FIQ_STACK_SIZE:0x400
                0x00000400                _UNDEF_STACK_SIZE = DEFINED (_UNDEF_STACK_SIZE)?_UNDEF_STACK_SIZE:0x400

.text           0x03800000     0x86e8
 *(.vectors)
 *(.boot_data)
 .boot_data     0x03800000       0x20 C:\Program Files (x86)\VEX Robotics\VEXcode Pro V5\sdk/vexv5\libv5rt.a(v5_startup.c.obj)
                0x03800000                vexCodeSig
                0x00000020                . = 0x20
 *(.boot)
 .boot          0x03800020       0xbc C:\Program Files (x86)\VEX Robotics\VEXcode Pro V5\sdk/vexv5\libv5rt.a(v5_startup.c.obj)
                0x03800020                vexStartup
                0x03800100                . = ALIGN (0x40)
 *fill*         0x038000dc       0x24 
 *(.freertos_vectors)
 *(.text)
 .text          0x03800100       0x3a C:\Program Files (x86)\VEX Robotics\VEXcode Pro V5\sdk/vexv5/gcc/libs\libc.a(lib_a-aeabi_memmove-soft.o)
                0x03800100                __aeabi_memmove4
                0x03800100                __aeabi_memmove
                0x03800100                __aeabi_memmove8
 .text          0x0380013a       0x9a C:\Program Files (x86)\VEX Robotics\VEXcode Pro V5\sdk/vexv5/gcc/libs\libc.a(lib_a-aeabi_memset-soft.o)
                0x0380013a                __aeabi_memset8
                0x0380013a                __aeabi_memset
                0x0380013a                __aeabi_memset4
 *(.text.*)
 *fill*         0x038001d4        0x4 
 .text._Z3TBHv  0x038001d8      0x220 build/src/main.o
                0x038001d8                TBH()
 .text._Z12intakeTogglev
                0x038003f8       0x74 build/src/main.o
                0x038003f8                intakeToggle()
 .text._Z12rollerTogglev
                0x0380046c       0x74 build/src/main.o
                0x0380046c                rollerToggle()
 .text._Z9flyTogglev
                0x038004e0       0x90 build/src/main.o
                0x038004e0                flyToggle()
 .text._Z11driveTogglev
                0x03800570       0x5c build/src/main.o
                0x03800570                driveToggle()
 .text._Z11brakeTogglev
                0x038005cc       0x84 build/src/main.o
                0x038005cc                brakeToggle()
 .text._Z9pre_autonv
                0x03800650       0x88 build/src/main.o
                0x03800650                pre_auton()
 .text._Z10autonomousv
                0x038006d8      0x12c build/src/main.o
                0x038006d8                autonomous()
 .text._Z11usercontrolv
                0x03800804      0x314 build/src/main.o
                0x03800804                usercontrol()
 .text.main     0x03800b18       0x98 build/src/main.o
                0x03800b18                main
 .text._GLOBAL__sub_I_main.cpp
                0x03800bb0       0xc4 build/src/main.o
 .text._ZN3vex3Gif11render_taskEPv
                0x03800c74      0xbf4 build/src/gifclass.o
                0x03800c74                vex::Gif::render_task(void*)
 .text._ZN3vex3Gif7cleanupEv
                0x03801868       0x6c build/src/gifclass.o
                0x03801868                vex::Gif::cleanup()
 .text._ZN3vex3GifC2EPKciib
                0x038018d4      0x3a4 build/src/gifclass.o
                0x038018d4                vex::Gif::Gif(char const*, int, int, bool)
                0x038018d4                vex::Gif::Gif(char const*, int, int, bool)
 .text._ZN3vex3Gif13getFrameIndexEv
                0x03801c78        0x8 build/src/gifclass.o
                0x03801c78                vex::Gif::getFrameIndex()
 .text._ZL17render_frame_rectP6gd_GIFPh
                0x03801c80      0x120 build/src/gifclass.o
 .text._ZL18discard_sub_blocksP6gd_GIF
                0x03801da0       0x4c build/src/gifclass.o
 .text._ZL7get_keyP6gd_GIFiPhS1_S1_
                0x03801dec      0x104 build/src/gifclass.o
 .text._Z11vexcodeInitv
                0x03801ef0        0x4 build/src/robot-config.o
                0x03801ef0                vexcodeInit()
 .text._GLOBAL__sub_I_robot_config.cpp
                0x03801ef4      0x400 build/src/robot-config.o
 .text._GLOBAL__sub_I_math.cpp
                0x038022f4       0x34 build/src/sylib/math.o
 .text._ZN5sylib6millisEv
                0x03802328        0x4 build/src/sylib/system.o
                0x03802328                sylib::millis()
 .text.__cxx_global_array_dtor
                0x0380232c       0x2c build/src/sylib/system.o
 .text.__cxx_global_array_dtor.3
                0x03802358       0x2c build/src/sylib/system.o
 .text._ZNSt6vectorIPN5sylib6DeviceESaIS2_EED2Ev
                0x03802384       0x24 build/src/sylib/system.o
                0x03802384                std::vector<sylib::Device*, std::allocator<sylib::Device*> >::~vector()
 .text._ZN5sylib11SylibDaemon16startSylibDaemonEv
                0x038023a8       0x50 build/src/sylib/system.o
                0x038023a8                sylib::SylibDaemon::startSylibDaemon()
 .text._ZN5sylib11SylibDaemon19managerTaskFunctionEv
                0x038023f8      0x298 build/src/sylib/system.o
                0x038023f8                sylib::SylibDaemon::managerTaskFunction()
 .text._ZNSt10unique_ptrIN5sylib4TaskESt14default_deleteIS1_EED2Ev
                0x03802690       0x30 build/src/sylib/system.o
                0x03802690                std::unique_ptr<sylib::Task, std::default_delete<sylib::Task> >::~unique_ptr()
 .text._ZN5sylib11SylibDaemonD2Ev
                0x038026c0        0x4 build/src/sylib/system.o
                0x038026c0                sylib::SylibDaemon::~SylibDaemon()
                0x038026c0                sylib::SylibDaemon::~SylibDaemon()
 .text._ZN5sylib11SylibDaemon11getInstanceEv
                0x038026c4       0x70 build/src/sylib/system.o
                0x038026c4                sylib::SylibDaemon::getInstance()
 .text._ZN5sylib11SylibDaemon19createSubTaskUnsafeEPNS_6DeviceE
                0x03802734       0xb8 build/src/sylib/system.o
                0x03802734                sylib::SylibDaemon::createSubTaskUnsafe(sylib::Device*)
 .text._ZN5sylib11SylibDaemon13createSubTaskEPNS_6DeviceE
                0x038027ec       0x40 build/src/sylib/system.o
                0x038027ec                sylib::SylibDaemon::createSubTask(sylib::Device*)
 .text._ZN5sylib11SylibDaemon13removeSubTaskEPNS_6DeviceE
                0x0380282c       0xc0 build/src/sylib/system.o
                0x0380282c                sylib::SylibDaemon::removeSubTask(sylib::Device*)
 .text._ZN5sylib6Device12startSubTaskEv
                0x038028ec       0xd4 build/src/sylib/system.o
                0x038028ec                sylib::Device::startSubTask()
 .text._ZN5sylib6Device11killSubTaskEv
                0x038029c0       0x50 build/src/sylib/system.o
                0x038029c0                sylib::Device::killSubTask()
 .text._ZN5sylib6DeviceC2Eii
                0x03802a10       0x48 build/src/sylib/system.o
                0x03802a10                sylib::Device::Device(int, int)
 .text._ZN5sylib6DeviceD2Ev
                0x03802a58       0x40 build/src/sylib/system.o
                0x03802a58                sylib::Device::~Device()
                0x03802a58                sylib::Device::~Device()
 .text._ZN5sylib6Device15setUpdateOffsetEi
                0x03802a98        0x8 build/src/sylib/system.o
                0x03802a98                sylib::Device::setUpdateOffset(int)
 .text._ZN5sylib6Device18setUpdateFrequencyEi
                0x03802aa0        0x8 build/src/sylib/system.o
                0x03802aa0                sylib::Device::setUpdateFrequency(int)
 .text._ZN5sylib10initializeEv
                0x03802aa8       0x1c build/src/sylib/system.o
                0x03802aa8                sylib::initialize()
 .text._ZNSt10unique_ptrIN5sylib4TaskESt14default_deleteIS1_EE5resetEPS1_
                0x03802ac4       0x28 build/src/sylib/system.o
                0x03802ac4                std::unique_ptr<sylib::Task, std::default_delete<sylib::Task> >::reset(sylib::Task*)
 .text._ZNSt6vectorIPN5sylib6DeviceESaIS2_EE19_M_emplace_back_auxIJRKS2_EEEvDpOT_
                0x03802aec       0x8c build/src/sylib/system.o
                0x03802aec                void std::vector<sylib::Device*, std::allocator<sylib::Device*> >::_M_emplace_back_aux<sylib::Device* const&>(sylib::Device* const&)
 .text._ZNKSt6vectorIPN5sylib6DeviceESaIS2_EE12_M_check_lenEjPKc
                0x03802b78       0x54 build/src/sylib/system.o
                0x03802b78                std::vector<sylib::Device*, std::allocator<sylib::Device*> >::_M_check_len(unsigned int, char const*) const
 .text._ZNSt12_Vector_baseIPN5sylib6DeviceESaIS2_EE11_M_allocateEj
                0x03802bcc       0x30 build/src/sylib/system.o
                0x03802bcc                std::_Vector_base<sylib::Device*, std::allocator<sylib::Device*> >::_M_allocate(unsigned int)
 .text._ZSt11__remove_ifIN9__gnu_cxx17__normal_iteratorIPPN5sylib6DeviceESt6vectorIS4_SaIS4_EEEENS0_5__ops16_Iter_equals_valIKS4_EEET_SE_SE_T0_
                0x03802bfc       0x44 build/src/sylib/system.o
                0x03802bfc                __gnu_cxx::__normal_iterator<sylib::Device**, std::vector<sylib::Device*, std::allocator<sylib::Device*> > > std::__remove_if<__gnu_cxx::__normal_iterator<sylib::Device**, std::vector<sylib::Device*, std::allocator<sylib::Device*> > >, __gnu_cxx::__ops::_Iter_equals_val<sylib::Device* const> >(__gnu_cxx::__normal_iterator<sylib::Device**, std::vector<sylib::Device*, std::allocator<sylib::Device*> > >, __gnu_cxx::__normal_iterator<sylib::Device**, std::vector<sylib::Device*, std::allocator<sylib::Device*> > >, __gnu_cxx::__ops::_Iter_equals_val<sylib::Device* const>)
 .text._ZSt9__find_ifIN9__gnu_cxx17__normal_iteratorIPPN5sylib6DeviceESt6vectorIS4_SaIS4_EEEENS0_5__ops16_Iter_equals_valIKS4_EEET_SE_SE_T0_St26random_access_iterator_tag
                0x03802c40       0xdc build/src/sylib/system.o
                0x03802c40                __gnu_cxx::__normal_iterator<sylib::Device**, std::vector<sylib::Device*, std::allocator<sylib::Device*> > > std::__find_if<__gnu_cxx::__normal_iterator<sylib::Device**, std::vector<sylib::Device*, std::allocator<sylib::Device*> > >, __gnu_cxx::__ops::_Iter_equals_val<sylib::Device* const> >(__gnu_cxx::__normal_iterator<sylib::Device**, std::vector<sylib::Device*, std::allocator<sylib::Device*> > >, __gnu_cxx::__normal_iterator<sylib::Device**, std::vector<sylib::Device*, std::allocator<sylib::Device*> > >, __gnu_cxx::__ops::_Iter_equals_val<sylib::Device* const>, std::random_access_iterator_tag)
 .text._GLOBAL__sub_I_system.cpp
                0x03802d1c       0xd4 build/src/sylib/system.o
 .text._GLOBAL__sub_I_sylib.cpp
                0x03802df0       0x34 build/src/sylib/sylib.o
 .text._ZNSt11unique_lockIN5sylib5MutexEEaSEOS2_
                0x03802e24       0x78 build/src/sylib/motor.o
                0x03802e24                std::unique_lock<sylib::Mutex>::operator=(std::unique_lock<sylib::Mutex>&&)
 .text._ZNSt11unique_lockIN5sylib5MutexEE6unlockEv
                0x03802e9c       0x3c build/src/sylib/motor.o
                0x03802e9c                std::unique_lock<sylib::Mutex>::unlock()
 .text._ZNSt11unique_lockIN5sylib5MutexEE4lockEv
                0x03802ed8       0x44 build/src/sylib/motor.o
                0x03802ed8                std::unique_lock<sylib::Mutex>::lock()
 .text._GLOBAL__sub_I_motor.cpp
                0x03802f1c       0x34 build/src/sylib/motor.o
 .text._ZN5sylib7AddrledC2EhhhSt6vectorImSaImEE
                0x03802f50      0x2b4 build/src/sylib/addrled.o
                0x03802f50                sylib::Addrled::Addrled(unsigned char, unsigned char, unsigned char, std::vector<unsigned long, std::allocator<unsigned long> >)
                0x03802f50                sylib::Addrled::Addrled(unsigned char, unsigned char, unsigned char, std::vector<unsigned long, std::allocator<unsigned long> >)
 .text._ZN5sylib7Addrled22setAddrledUpdateCyclesEi
                0x03803204       0xa0 build/src/sylib/addrled.o
                0x03803204                sylib::Addrled::setAddrledUpdateCycles(int)
 .text._ZNSt6vectorImSaImEE6resizeEj
                0x038032a4       0x30 build/src/sylib/addrled.o
                0x038032a4                std::vector<unsigned long, std::allocator<unsigned long> >::resize(unsigned int)
 .text._ZN5sylib7AddrledD2Ev
                0x038032d4      0x104 build/src/sylib/addrled.o
                0x038032d4                sylib::Addrled::~Addrled()
                0x038032d4                sylib::Addrled::~Addrled()
 .text._ZNSt6vectorImSaImEED2Ev
                0x038033d8       0x24 build/src/sylib/addrled.o
                0x038033d8                std::vector<unsigned long, std::allocator<unsigned long> >::~vector()
 .text._ZNSt6vectorIPN5sylib7AddrledESaIS2_EED2Ev
                0x038033fc       0x24 build/src/sylib/addrled.o
                0x038033fc                std::vector<sylib::Addrled*, std::allocator<sylib::Addrled*> >::~vector()
 .text._ZN5sylib7Addrled6updateEv
                0x03803420      0x500 build/src/sylib/addrled.o
                0x03803420                sylib::Addrled::update()
 .text._ZNSt6vectorImSaImEEaSERKS1_
                0x03803920      0x104 build/src/sylib/addrled.o
                0x03803920                std::vector<unsigned long, std::allocator<unsigned long> >::operator=(std::vector<unsigned long, std::allocator<unsigned long> > const&)
 .text._ZN5sylib7Addrled7set_allEm
                0x03803a24       0x6c build/src/sylib/addrled.o
                0x03803a24                sylib::Addrled::set_all(unsigned long)
 .text._ZNSt6vectorIPN5sylib7AddrledESaIS2_EE19_M_emplace_back_auxIJS2_EEEvDpOT_
                0x03803a90       0x8c build/src/sylib/addrled.o
                0x03803a90                void std::vector<sylib::Addrled*, std::allocator<sylib::Addrled*> >::_M_emplace_back_aux<sylib::Addrled*>(sylib::Addrled*&&)
 .text._ZNKSt6vectorIPN5sylib7AddrledESaIS2_EE12_M_check_lenEjPKc
                0x03803b1c       0x54 build/src/sylib/addrled.o
                0x03803b1c                std::vector<sylib::Addrled*, std::allocator<sylib::Addrled*> >::_M_check_len(unsigned int, char const*) const
 .text._ZNSt12_Vector_baseIPN5sylib7AddrledESaIS2_EE11_M_allocateEj
                0x03803b70       0x30 build/src/sylib/addrled.o
                0x03803b70                std::_Vector_base<sylib::Addrled*, std::allocator<sylib::Addrled*> >::_M_allocate(unsigned int)
 .text._ZNSt6vectorImSaImEE17_M_default_appendEj
                0x03803ba0       0xcc build/src/sylib/addrled.o
                0x03803ba0                std::vector<unsigned long, std::allocator<unsigned long> >::_M_default_append(unsigned int)
 .text._ZNKSt6vectorImSaImEE12_M_check_lenEjPKc
                0x03803c6c       0x54 build/src/sylib/addrled.o
                0x03803c6c                std::vector<unsigned long, std::allocator<unsigned long> >::_M_check_len(unsigned int, char const*) const
 .text._ZNSt12_Vector_baseImSaImEE11_M_allocateEj
                0x03803cc0       0x30 build/src/sylib/addrled.o
                0x03803cc0                std::_Vector_base<unsigned long, std::allocator<unsigned long> >::_M_allocate(unsigned int)
 .text._ZSt11__remove_ifIN9__gnu_cxx17__normal_iteratorIPPN5sylib7AddrledESt6vectorIS4_SaIS4_EEEENS0_5__ops16_Iter_equals_valIKS4_EEET_SE_SE_T0_
                0x03803cf0       0x44 build/src/sylib/addrled.o
                0x03803cf0                __gnu_cxx::__normal_iterator<sylib::Addrled**, std::vector<sylib::Addrled*, std::allocator<sylib::Addrled*> > > std::__remove_if<__gnu_cxx::__normal_iterator<sylib::Addrled**, std::vector<sylib::Addrled*, std::allocator<sylib::Addrled*> > >, __gnu_cxx::__ops::_Iter_equals_val<sylib::Addrled* const> >(__gnu_cxx::__normal_iterator<sylib::Addrled**, std::vector<sylib::Addrled*, std::allocator<sylib::Addrled*> > >, __gnu_cxx::__normal_iterator<sylib::Addrled**, std::vector<sylib::Addrled*, std::allocator<sylib::Addrled*> > >, __gnu_cxx::__ops::_Iter_equals_val<sylib::Addrled* const>)
 .text._ZSt9__find_ifIN9__gnu_cxx17__normal_iteratorIPPN5sylib7AddrledESt6vectorIS4_SaIS4_EEEENS0_5__ops16_Iter_equals_valIKS4_EEET_SE_SE_T0_St26random_access_iterator_tag
                0x03803d34       0xdc build/src/sylib/addrled.o
                0x03803d34                __gnu_cxx::__normal_iterator<sylib::Addrled**, std::vector<sylib::Addrled*, std::allocator<sylib::Addrled*> > > std::__find_if<__gnu_cxx::__normal_iterator<sylib::Addrled**, std::vector<sylib::Addrled*, std::allocator<sylib::Addrled*> > >, __gnu_cxx::__ops::_Iter_equals_val<sylib::Addrled* const> >(__gnu_cxx::__normal_iterator<sylib::Addrled**, std::vector<sylib::Addrled*, std::allocator<sylib::Addrled*> > >, __gnu_cxx::__normal_iterator<sylib::Addrled**, std::vector<sylib::Addrled*, std::allocator<sylib::Addrled*> > >, __gnu_cxx::__ops::_Iter_equals_val<sylib::Addrled* const>, std::random_access_iterator_tag)
 .text._ZSt8__rotateIN9__gnu_cxx17__normal_iteratorIPmSt6vectorImSaImEEEEEvT_S7_S7_St26random_access_iterator_tag
                0x03803e10      0x150 build/src/sylib/addrled.o
                0x03803e10                void std::__rotate<__gnu_cxx::__normal_iterator<unsigned long*, std::vector<unsigned long, std::allocator<unsigned long> > > >(__gnu_cxx::__normal_iterator<unsigned long*, std::vector<unsigned long, std::allocator<unsigned long> > >, __gnu_cxx::__normal_iterator<unsigned long*, std::vector<unsigned long, std::allocator<unsigned long> > >, __gnu_cxx::__normal_iterator<unsigned long*, std::vector<unsigned long, std::allocator<unsigned long> > >, std::random_access_iterator_tag)
 .text._GLOBAL__sub_I_addrled.cpp
                0x03803f60       0x84 build/src/sylib/addrled.o
 .text.vexMain  0x03803fe4       0xb0 C:\Program Files (x86)\VEX Robotics\VEXcode Pro V5\sdk/vexv5\libv5rt.a(v5_startup.c.obj)
                0x03803fe4                vexMain
 .text.__vex_function_prolog
                0x03804094       0x18 C:\Program Files (x86)\VEX Robotics\VEXcode Pro V5\sdk/vexv5\libv5rt.a(v5_startup.c.obj)
                0x03804094                __vex_function_prolog
 .text._init    0x038040ac        0x4 C:\Program Files (x86)\VEX Robotics\VEXcode Pro V5\sdk/vexv5\libv5rt.a(v5_startup.c.obj)
                0x038040ac                _init
 .text._fini    0x038040b0        0x4 C:\Program Files (x86)\VEX Robotics\VEXcode Pro V5\sdk/vexv5\libv5rt.a(v5_startup.c.obj)
                0x038040b0                _fini
 .text._sbrk    0x038040b4       0x54 C:\Program Files (x86)\VEX Robotics\VEXcode Pro V5\sdk/vexv5\libv5rt.a(v5_startup.c.obj)
                0x038040b4                _sbrk
 .text.vexStdlibVersionLinked
                0x03804108        0xc C:\Program Files (x86)\VEX Robotics\VEXcode Pro V5\sdk/vexv5\libv5rt.a(v5_util.c.obj)
                0x03804108                vexStdlibVersionLinked
 .text.vexStdlibVersionVerify
                0x03804114       0x30 C:\Program Files (x86)\VEX Robotics\VEXcode Pro V5\sdk/vexv5\libv5rt.a(v5_util.c.obj)
                0x03804114                vexStdlibVersionVerify
 .text.vexPrivateApiEnable
                0x03804144       0x10 C:\Program Files (x86)\VEX Robotics\VEXcode Pro V5\sdk/vexv5\libv5rt.a(v5_apijump.c.obj)
                0x03804144                vexPrivateApiEnable
 .text.vexStdlibMismatchError
                0x03804154       0x3c C:\Program Files (x86)\VEX Robotics\VEXcode Pro V5\sdk/vexv5\libv5rt.a(v5_apijump.c.obj)
                0x03804154                vexStdlibMismatchError
 .text.vexTaskAdd
                0x03804190       0x10 C:\Program Files (x86)\VEX Robotics\VEXcode Pro V5\sdk/vexv5\libv5rt.a(v5_apijump.c.obj)
                0x03804190                vexTaskAdd
 .text.vexTasksRun
                0x038041a0       0x10 C:\Program Files (x86)\VEX Robotics\VEXcode Pro V5\sdk/vexv5\libv5rt.a(v5_apijump.c.obj)
                0x038041a0                vexTasksRun
 .text.vexTaskYield
                0x038041b0       0x10 C:\Program Files (x86)\VEX Robotics\VEXcode Pro V5\sdk/vexv5\libv5rt.a(v5_apijump.c.obj)
                0x038041b0                vexTaskYield
 .text.vexTaskCheckTimeslice
                0x038041c0       0x10 C:\Program Files (x86)\VEX Robotics\VEXcode Pro V5\sdk/vexv5\libv5rt.a(v5_apijump.c.obj)
                0x038041c0                vexTaskCheckTimeslice
 .text.vexTaskSleep
                0x038041d0       0x10 C:\Program Files (x86)\VEX Robotics\VEXcode Pro V5\sdk/vexv5\libv5rt.a(v5_apijump.c.obj)
                0x038041d0                vexTaskSleep
 .text.vexSemaphoreInit
                0x038041e0       0x24 C:\Program Files (x86)\VEX Robotics\VEXcode Pro V5\sdk/vexv5\libv5rt.a(v5_apijump.c.obj)
                0x038041e0                vexSemaphoreInit
 .text.vexSemaphoreLock
                0x03804204       0x2c C:\Program Files (x86)\VEX Robotics\VEXcode Pro V5\sdk/vexv5\libv5rt.a(v5_apijump.c.obj)
                0x03804204                vexSemaphoreLock
 .text.vexSemaphoreUnlock
                0x03804230       0x24 C:\Program Files (x86)\VEX Robotics\VEXcode Pro V5\sdk/vexv5\libv5rt.a(v5_apijump.c.obj)
                0x03804230                vexSemaphoreUnlock
 .text.vexTasksDump
                0x03804254       0x1c C:\Program Files (x86)\VEX Robotics\VEXcode Pro V5\sdk/vexv5\libv5rt.a(v5_apijump.c.obj)
                0x03804254                vexTasksDump
 .text.vexTaskGetTaskIndex
                0x03804270       0x10 C:\Program Files (x86)\VEX Robotics\VEXcode Pro V5\sdk/vexv5\libv5rt.a(v5_apijump.c.obj)
                0x03804270                vexTaskGetTaskIndex
 .text.vexTaskStopAll
                0x03804280       0x10 C:\Program Files (x86)\VEX Robotics\VEXcode Pro V5\sdk/vexv5\libv5rt.a(v5_apijump.c.obj)
                0x03804280                vexTaskStopAll
 .text.vexTaskRemoveAllUser
                0x03804290       0x34 C:\Program Files (x86)\VEX Robotics\VEXcode Pro V5\sdk/vexv5\libv5rt.a(v5_apijump.c.obj)
                0x03804290                vexTaskRemoveAllUser
 .text.vexTaskCompletionIdSet
                0x038042c4       0x10 C:\Program Files (x86)\VEX Robotics\VEXcode Pro V5\sdk/vexv5\libv5rt.a(v5_apijump.c.obj)
                0x038042c4                vexTaskCompletionIdSet
 .text.vexTaskAddWithArg
                0x038042d4       0x10 C:\Program Files (x86)\VEX Robotics\VEXcode Pro V5\sdk/vexv5\libv5rt.a(v5_apijump.c.obj)
                0x038042d4                vexTaskAddWithArg
 .text.vexTaskStopWithId
                0x038042e4       0x10 C:\Program Files (x86)\VEX Robotics\VEXcode Pro V5\sdk/vexv5\libv5rt.a(v5_apijump.c.obj)
                0x038042e4                vexTaskStopWithId
 .text.vexCriticalSection
                0x038042f4       0x2c C:\Program Files (x86)\VEX Robotics\VEXcode Pro V5\sdk/vexv5\libv5rt.a(v5_apijump.c.obj)
                0x038042f4                vexCriticalSection
 .text.vexEventAdd
                0x03804320       0x34 C:\Program Files (x86)\VEX Robotics\VEXcode Pro V5\sdk/vexv5\libv5rt.a(v5_apijump.c.obj)
                0x03804320                vexEventAdd
 .text.vexEventUserIndexGet
                0x03804354       0x1c C:\Program Files (x86)\VEX Robotics\VEXcode Pro V5\sdk/vexv5\libv5rt.a(v5_apijump.c.obj)
                0x03804354                vexEventUserIndexGet
 .text.vexEventAddWithArg
                0x03804370       0x3c C:\Program Files (x86)\VEX Robotics\VEXcode Pro V5\sdk/vexv5\libv5rt.a(v5_apijump.c.obj)
                0x03804370                vexEventAddWithArg
 .text.vexEventsCleanup
                0x038043ac       0x2c C:\Program Files (x86)\VEX Robotics\VEXcode Pro V5\sdk/vexv5\libv5rt.a(v5_apijump.c.obj)
                0x038043ac                vexEventsCleanup
 .text.vexDebug
                0x038043d8       0x38 C:\Program Files (x86)\VEX Robotics\VEXcode Pro V5\sdk/vexv5\libv5rt.a(v5_apijump.c.obj)
                0x038043d8                vexDebug
 .text.vex_sprintf
                0x03804410       0x40 C:\Program Files (x86)\VEX Robotics\VEXcode Pro V5\sdk/vexv5\libv5rt.a(v5_apijump.c.obj)
                0x03804410                vex_sprintf
 .text.vex_vsnprintf
                0x03804450       0x3c C:\Program Files (x86)\VEX Robotics\VEXcode Pro V5\sdk/vexv5\libv5rt.a(v5_apijump.c.obj)
                0x03804450                vex_vsnprintf
 .text.vexSystemTimeGet
                0x0380448c       0x1c C:\Program Files (x86)\VEX Robotics\VEXcode Pro V5\sdk/vexv5\libv5rt.a(v5_apijump.c.obj)
                0x0380448c                vexSystemTimeGet
 .text.vexSystemExitRequest
                0x038044a8       0x1c C:\Program Files (x86)\VEX Robotics\VEXcode Pro V5\sdk/vexv5\libv5rt.a(v5_apijump.c.obj)
                0x038044a8                vexSystemExitRequest
 .text.vexSystemHighResTimeGet
                0x038044c4       0x38 C:\Program Files (x86)\VEX Robotics\VEXcode Pro V5\sdk/vexv5\libv5rt.a(v5_apijump.c.obj)
                0x038044c4                vexSystemHighResTimeGet
 .text.vexDeviceGetByIndex
                0x038044fc       0x24 C:\Program Files (x86)\VEX Robotics\VEXcode Pro V5\sdk/vexv5\libv5rt.a(v5_apijump.c.obj)
                0x038044fc                vexDeviceGetByIndex
 .text.vexControllerGet
                0x03804520       0x2c C:\Program Files (x86)\VEX Robotics\VEXcode Pro V5\sdk/vexv5\libv5rt.a(v5_apijump.c.obj)
                0x03804520                vexControllerGet
 .text.vexControllerTextSet
                0x0380454c       0x74 C:\Program Files (x86)\VEX Robotics\VEXcode Pro V5\sdk/vexv5\libv5rt.a(v5_apijump.c.obj)
                0x0380454c                vexControllerTextSet
 .text.vexDeviceAdiPortConfigSet
                0x038045c0       0x34 C:\Program Files (x86)\VEX Robotics\VEXcode Pro V5\sdk/vexv5\libv5rt.a(v5_apijump.c.obj)
                0x038045c0                vexDeviceAdiPortConfigSet
 .text.vexDeviceAdiPortConfigGet
                0x038045f4       0x2c C:\Program Files (x86)\VEX Robotics\VEXcode Pro V5\sdk/vexv5\libv5rt.a(v5_apijump.c.obj)
                0x038045f4                vexDeviceAdiPortConfigGet
 .text.vexDeviceAdiValueSet
                0x03804620       0x34 C:\Program Files (x86)\VEX Robotics\VEXcode Pro V5\sdk/vexv5\libv5rt.a(v5_apijump.c.obj)
                0x03804620                vexDeviceAdiValueSet
 .text.vexDeviceMotorVelocitySet
                0x03804654       0x2c C:\Program Files (x86)\VEX Robotics\VEXcode Pro V5\sdk/vexv5\libv5rt.a(v5_apijump.c.obj)
                0x03804654                vexDeviceMotorVelocitySet
 .text.vexDeviceMotorVoltageSet
                0x03804680       0x2c C:\Program Files (x86)\VEX Robotics\VEXcode Pro V5\sdk/vexv5\libv5rt.a(v5_apijump.c.obj)
                0x03804680                vexDeviceMotorVoltageSet
 .text.vexDeviceMotorVelocityGet
                0x038046ac       0x24 C:\Program Files (x86)\VEX Robotics\VEXcode Pro V5\sdk/vexv5\libv5rt.a(v5_apijump.c.obj)
                0x038046ac                vexDeviceMotorVelocityGet
 .text.vexDeviceMotorActualVelocityGet
                0x038046d0       0x24 C:\Program Files (x86)\VEX Robotics\VEXcode Pro V5\sdk/vexv5\libv5rt.a(v5_apijump.c.obj)
                0x038046d0                vexDeviceMotorActualVelocityGet
 .text.vexDeviceMotorModeGet
                0x038046f4       0x24 C:\Program Files (x86)\VEX Robotics\VEXcode Pro V5\sdk/vexv5\libv5rt.a(v5_apijump.c.obj)
                0x038046f4                vexDeviceMotorModeGet
 .text.vexDeviceMotorZeroPositionFlagGet
                0x03804718       0x24 C:\Program Files (x86)\VEX Robotics\VEXcode Pro V5\sdk/vexv5\libv5rt.a(v5_apijump.c.obj)
                0x03804718                vexDeviceMotorZeroPositionFlagGet
 .text.vexDeviceMotorReverseFlagSet
                0x0380473c       0x2c C:\Program Files (x86)\VEX Robotics\VEXcode Pro V5\sdk/vexv5\libv5rt.a(v5_apijump.c.obj)
                0x0380473c                vexDeviceMotorReverseFlagSet
 .text.vexDeviceMotorEncoderUnitsSet
                0x03804768       0x2c C:\Program Files (x86)\VEX Robotics\VEXcode Pro V5\sdk/vexv5\libv5rt.a(v5_apijump.c.obj)
                0x03804768                vexDeviceMotorEncoderUnitsSet
 .text.vexDeviceMotorBrakeModeSet
                0x03804794       0x2c C:\Program Files (x86)\VEX Robotics\VEXcode Pro V5\sdk/vexv5\libv5rt.a(v5_apijump.c.obj)
                0x03804794                vexDeviceMotorBrakeModeSet
 .text.vexDeviceMotorPositionSet
                0x038047c0       0x34 C:\Program Files (x86)\VEX Robotics\VEXcode Pro V5\sdk/vexv5\libv5rt.a(v5_apijump.c.obj)
                0x038047c0                vexDeviceMotorPositionSet
 .text.vexDeviceMotorRelativeTargetSet
                0x038047f4       0x3c C:\Program Files (x86)\VEX Robotics\VEXcode Pro V5\sdk/vexv5\libv5rt.a(v5_apijump.c.obj)
                0x038047f4                vexDeviceMotorRelativeTargetSet
 .text.vexDeviceMotorGearingSet
                0x03804830       0x2c C:\Program Files (x86)\VEX Robotics\VEXcode Pro V5\sdk/vexv5\libv5rt.a(v5_apijump.c.obj)
                0x03804830                vexDeviceMotorGearingSet
 .text.vexDeviceMotorGearingGet
                0x0380485c       0x24 C:\Program Files (x86)\VEX Robotics\VEXcode Pro V5\sdk/vexv5\libv5rt.a(v5_apijump.c.obj)
                0x0380485c                vexDeviceMotorGearingGet
 .text.vexDeviceOpticalHueGet
                0x03804880       0x24 C:\Program Files (x86)\VEX Robotics\VEXcode Pro V5\sdk/vexv5\libv5rt.a(v5_apijump.c.obj)
                0x03804880                vexDeviceOpticalHueGet
 .text.vexDeviceOpticalGestureEnable
                0x038048a4       0x24 C:\Program Files (x86)\VEX Robotics\VEXcode Pro V5\sdk/vexv5\libv5rt.a(v5_apijump.c.obj)
                0x038048a4                vexDeviceOpticalGestureEnable
 .text.vexDeviceOpticalGestureDisable
                0x038048c8       0x24 C:\Program Files (x86)\VEX Robotics\VEXcode Pro V5\sdk/vexv5\libv5rt.a(v5_apijump.c.obj)
                0x038048c8                vexDeviceOpticalGestureDisable
 .text.vexDeviceOpticalProximityThreshold
                0x038048ec       0x2c C:\Program Files (x86)\VEX Robotics\VEXcode Pro V5\sdk/vexv5\libv5rt.a(v5_apijump.c.obj)
                0x038048ec                vexDeviceOpticalProximityThreshold
 .text.vexDisplayForegroundColor
                0x03804918       0x24 C:\Program Files (x86)\VEX Robotics\VEXcode Pro V5\sdk/vexv5\libv5rt.a(v5_apijump.c.obj)
                0x03804918                vexDisplayForegroundColor
 .text.vexDisplayBackgroundColor
                0x0380493c       0x24 C:\Program Files (x86)\VEX Robotics\VEXcode Pro V5\sdk/vexv5\libv5rt.a(v5_apijump.c.obj)
                0x0380493c                vexDisplayBackgroundColor
 .text.vexDisplayCopyRect
                0x03804960       0x5c C:\Program Files (x86)\VEX Robotics\VEXcode Pro V5\sdk/vexv5\libv5rt.a(v5_apijump.c.obj)
                0x03804960                vexDisplayCopyRect
 .text.vexDisplayVPrintf
                0x038049bc       0x50 C:\Program Files (x86)\VEX Robotics\VEXcode Pro V5\sdk/vexv5\libv5rt.a(v5_apijump.c.obj)
                0x038049bc                vexDisplayVPrintf
 .text.vexDisplayTextReference
                0x03804a0c       0x24 C:\Program Files (x86)\VEX Robotics\VEXcode Pro V5\sdk/vexv5\libv5rt.a(v5_apijump.c.obj)
                0x03804a0c                vexDisplayTextReference
 .text.vexDisplayTextSize
                0x03804a30       0x2c C:\Program Files (x86)\VEX Robotics\VEXcode Pro V5\sdk/vexv5\libv5rt.a(v5_apijump.c.obj)
                0x03804a30                vexDisplayTextSize
 .text.vexDisplayFontNamedSet
                0x03804a5c       0x24 C:\Program Files (x86)\VEX Robotics\VEXcode Pro V5\sdk/vexv5\libv5rt.a(v5_apijump.c.obj)
                0x03804a5c                vexDisplayFontNamedSet
 .text.vexSystemStdlibImpureDataAddr
                0x03804a80       0x28 C:\Program Files (x86)\VEX Robotics\VEXcode Pro V5\sdk/vexv5\libv5rt.a(v5_apijump.c.obj)
                0x03804a80                vexSystemStdlibImpureDataAddr
 .text.vexSystemStdlibImpureDataSize
                0x03804aa8       0x28 C:\Program Files (x86)\VEX Robotics\VEXcode Pro V5\sdk/vexv5\libv5rt.a(v5_apijump.c.obj)
                0x03804aa8                vexSystemStdlibImpureDataSize
 .text.vexSystemSaveUserData
                0x03804ad0       0x3c C:\Program Files (x86)\VEX Robotics\VEXcode Pro V5\sdk/vexv5\libv5rt.a(v5_apijump.c.obj)
                0x03804ad0                vexSystemSaveUserData
 .text.vexDisplayThemeIdGet
                0x03804b0c       0x38 C:\Program Files (x86)\VEX Robotics\VEXcode Pro V5\sdk/vexv5\libv5rt.a(v5_apijump.c.obj)
                0x03804b0c                vexDisplayThemeIdGet
 .text.vexDeviceEventMaskSet
                0x03804b44       0x48 C:\Program Files (x86)\VEX Robotics\VEXcode Pro V5\sdk/vexv5\libv5rt.a(v5_apijump.c.obj)
                0x03804b44                vexDeviceEventMaskSet
 .text.vexDeviceEventMaskGet
                0x03804b8c       0x3c C:\Program Files (x86)\VEX Robotics\VEXcode Pro V5\sdk/vexv5\libv5rt.a(v5_apijump.c.obj)
                0x03804b8c                vexDeviceEventMaskGet
 .text.vexDelay
                0x03804bc8        0x4 C:\Program Files (x86)\VEX Robotics\VEXcode Pro V5\sdk/vexv5\libv5rt.a(v5_apiuser.c.obj)
                0x03804bc8                vexDelay
 .text.vexAdiPortConfigSet
                0x03804bcc       0x28 C:\Program Files (x86)\VEX Robotics\VEXcode Pro V5\sdk/vexv5\libv5rt.a(v5_apiuser.c.obj)
                0x03804bcc                vexAdiPortConfigSet
 .text.vexAdiPortConfigGet
                0x03804bf4       0x28 C:\Program Files (x86)\VEX Robotics\VEXcode Pro V5\sdk/vexv5\libv5rt.a(v5_apiuser.c.obj)
                0x03804bf4                vexAdiPortConfigGet
 .text.vexAdiValueSet
                0x03804c1c       0x28 C:\Program Files (x86)\VEX Robotics\VEXcode Pro V5\sdk/vexv5\libv5rt.a(v5_apiuser.c.obj)
                0x03804c1c                vexAdiValueSet
 .text.vexMotorVelocitySet
                0x03804c44       0x20 C:\Program Files (x86)\VEX Robotics\VEXcode Pro V5\sdk/vexv5\libv5rt.a(v5_apiuser.c.obj)
                0x03804c44                vexMotorVelocitySet
 .text.vexMotorVoltageSet
                0x03804c64       0x20 C:\Program Files (x86)\VEX Robotics\VEXcode Pro V5\sdk/vexv5\libv5rt.a(v5_apiuser.c.obj)
                0x03804c64                vexMotorVoltageSet
 .text.vexMotorVelocityGet
                0x03804c84       0x18 C:\Program Files (x86)\VEX Robotics\VEXcode Pro V5\sdk/vexv5\libv5rt.a(v5_apiuser.c.obj)
                0x03804c84                vexMotorVelocityGet
 .text.vexMotorActualVelocityGet
                0x03804c9c       0x24 C:\Program Files (x86)\VEX Robotics\VEXcode Pro V5\sdk/vexv5\libv5rt.a(v5_apiuser.c.obj)
                0x03804c9c                vexMotorActualVelocityGet
 .text.vexMotorModeGet
                0x03804cc0       0x18 C:\Program Files (x86)\VEX Robotics\VEXcode Pro V5\sdk/vexv5\libv5rt.a(v5_apiuser.c.obj)
                0x03804cc0                vexMotorModeGet
 .text.vexMotorZeroPositionFlagGet
                0x03804cd8       0x18 C:\Program Files (x86)\VEX Robotics\VEXcode Pro V5\sdk/vexv5\libv5rt.a(v5_apiuser.c.obj)
                0x03804cd8                vexMotorZeroPositionFlagGet
 .text.vexMotorReverseFlagSet
                0x03804cf0       0x20 C:\Program Files (x86)\VEX Robotics\VEXcode Pro V5\sdk/vexv5\libv5rt.a(v5_apiuser.c.obj)
                0x03804cf0                vexMotorReverseFlagSet
 .text.vexMotorEncoderUnitsSet
                0x03804d10       0x20 C:\Program Files (x86)\VEX Robotics\VEXcode Pro V5\sdk/vexv5\libv5rt.a(v5_apiuser.c.obj)
                0x03804d10                vexMotorEncoderUnitsSet
 .text.vexMotorBrakeModeSet
                0x03804d30       0x20 C:\Program Files (x86)\VEX Robotics\VEXcode Pro V5\sdk/vexv5\libv5rt.a(v5_apiuser.c.obj)
                0x03804d30                vexMotorBrakeModeSet
 .text.vexMotorPositionSet
                0x03804d50       0x28 C:\Program Files (x86)\VEX Robotics\VEXcode Pro V5\sdk/vexv5\libv5rt.a(v5_apiuser.c.obj)
                0x03804d50                vexMotorPositionSet
 .text.vexMotorRelativeTargetSet
                0x03804d78       0x30 C:\Program Files (x86)\VEX Robotics\VEXcode Pro V5\sdk/vexv5\libv5rt.a(v5_apiuser.c.obj)
                0x03804d78                vexMotorRelativeTargetSet
 .text.vexMotorGearingSet
                0x03804da8       0x20 C:\Program Files (x86)\VEX Robotics\VEXcode Pro V5\sdk/vexv5\libv5rt.a(v5_apiuser.c.obj)
                0x03804da8                vexMotorGearingSet
 .text.vexMotorGearingGet
                0x03804dc8       0x18 C:\Program Files (x86)\VEX Robotics\VEXcode Pro V5\sdk/vexv5\libv5rt.a(v5_apiuser.c.obj)
                0x03804dc8                vexMotorGearingGet
 .text.vexOpticalHueGet
                0x03804de0       0x10 C:\Program Files (x86)\VEX Robotics\VEXcode Pro V5\sdk/vexv5\libv5rt.a(v5_apiuser.c.obj)
                0x03804de0                vexOpticalHueGet
 .text.vexOpticalGestureEnable
                0x03804df0       0x10 C:\Program Files (x86)\VEX Robotics\VEXcode Pro V5\sdk/vexv5\libv5rt.a(v5_apiuser.c.obj)
                0x03804df0                vexOpticalGestureEnable
 .text.vexOpticalGestureDisable
                0x03804e00       0x10 C:\Program Files (x86)\VEX Robotics\VEXcode Pro V5\sdk/vexv5\libv5rt.a(v5_apiuser.c.obj)
                0x03804e00                vexOpticalGestureDisable
 .text.vexOpticalProximityThreshold
                0x03804e10       0x18 C:\Program Files (x86)\VEX Robotics\VEXcode Pro V5\sdk/vexv5\libv5rt.a(v5_apiuser.c.obj)
                0x03804e10                vexOpticalProximityThreshold
 .text.vexEventMaskSet
                0x03804e28       0x28 C:\Program Files (x86)\VEX Robotics\VEXcode Pro V5\sdk/vexv5\libv5rt.a(v5_apiuser.c.obj)
                0x03804e28                vexEventMaskSet
 .text.vexEventMaskGet
                0x03804e50       0x18 C:\Program Files (x86)\VEX Robotics\VEXcode Pro V5\sdk/vexv5\libv5rt.a(v5_apiuser.c.obj)
                0x03804e50                vexEventMaskGet
 .text.vexSystemVersion
                0x03804e68       0x10 C:\Program Files (x86)\VEX Robotics\VEXcode Pro V5\sdk/vexv5\libv5rt.a(v5_apiversions.c.obj)
                0x03804e68                vexSystemVersion
 .text.vexStdlibVersion
                0x03804e78       0x10 C:\Program Files (x86)\VEX Robotics\VEXcode Pro V5\sdk/vexv5\libv5rt.a(v5_apiversions.c.obj)
                0x03804e78                vexStdlibVersion
 .text._ZN3vex4waitEdNS_9timeUnitsE
                0x03804e88       0x30 C:\Program Files (x86)\VEX Robotics\VEXcode Pro V5\sdk/vexv5\libv5rt.a(vex_global.cpp.obj)
                0x03804e88                vex::wait(double, vex::timeUnits)
 .text._ZN3vex5motorD2Ev
                0x03804eb8       0x20 C:\Program Files (x86)\VEX Robotics\VEXcode Pro V5\sdk/vexv5\libv5rt.a(vex_motor.cpp.obj)
                0x03804eb8                vex::motor::~motor()
                0x03804eb8                vex::motor::~motor()
 .text._ZN3vex5motorD0Ev
                0x03804ed8       0x1c C:\Program Files (x86)\VEX Robotics\VEXcode Pro V5\sdk/vexv5\libv5rt.a(vex_motor.cpp.obj)
                0x03804ed8                vex::motor::~motor()
 .text._ZN3vex5motor9installedEv
                0x03804ef4       0x18 C:\Program Files (x86)\VEX Robotics\VEXcode Pro V5\sdk/vexv5\libv5rt.a(vex_motor.cpp.obj)
                0x03804ef4                vex::motor::installed()
 .text._ZN3vex5motor15defaultStoppingENS_9brakeTypeE
                0x03804f0c       0x30 C:\Program Files (x86)\VEX Robotics\VEXcode Pro V5\sdk/vexv5\libv5rt.a(vex_motor.cpp.obj)
                0x03804f0c                vex::motor::defaultStopping(vex::brakeType)
 .text._ZN3vex5motor11setStoppingENS_9brakeTypeE
                0x03804f3c        0x4 C:\Program Files (x86)\VEX Robotics\VEXcode Pro V5\sdk/vexv5\libv5rt.a(vex_motor.cpp.obj)
                0x03804f3c                vex::motor::setStopping(vex::brakeType)
 .text._ZN3vex5motorC2El
                0x03804f40       0x78 C:\Program Files (x86)\VEX Robotics\VEXcode Pro V5\sdk/vexv5\libv5rt.a(vex_motor.cpp.obj)
                0x03804f40                vex::motor::motor(long)
                0x03804f40                vex::motor::motor(long)
 .text._ZN3vex5motorC2ElNS_11gearSettingEb
                0x03804fb8       0x34 C:\Program Files (x86)\VEX Robotics\VEXcode Pro V5\sdk/vexv5\libv5rt.a(vex_motor.cpp.obj)
                0x03804fb8                vex::motor::motor(long, vex::gearSetting, bool)
                0x03804fb8                vex::motor::motor(long, vex::gearSetting, bool)
 *fill*         0x03804fec        0x4 
 .text._ZN3vex5motor4spinENS_13directionTypeEdNS_12voltageUnitsE
                0x03804ff0       0x50 C:\Program Files (x86)\VEX Robotics\VEXcode Pro V5\sdk/vexv5\libv5rt.a(vex_motor.cpp.obj)
                0x03804ff0                vex::motor::spin(vex::directionType, double, vex::voltageUnits)
 .text._ZN3vex5motor14isSpinningModeEv
                0x03805040       0x48 C:\Program Files (x86)\VEX Robotics\VEXcode Pro V5\sdk/vexv5\libv5rt.a(vex_motor.cpp.obj)
                0x03805040                vex::motor::isSpinningMode()
 .text._ZN3vex5motor10isSpinningEv
                0x03805088       0x44 C:\Program Files (x86)\VEX Robotics\VEXcode Pro V5\sdk/vexv5\libv5rt.a(vex_motor.cpp.obj)
                0x03805088                vex::motor::isSpinning()
 .text._ZN3vex5motor4stopENS_9brakeTypeE
                0x038050cc       0x30 C:\Program Files (x86)\VEX Robotics\VEXcode Pro V5\sdk/vexv5\libv5rt.a(vex_motor.cpp.obj)
                0x038050cc                vex::motor::stop(vex::brakeType)
 .text._ZN3vex5motor4stopEv
                0x038050fc        0x8 C:\Program Files (x86)\VEX Robotics\VEXcode Pro V5\sdk/vexv5\libv5rt.a(vex_motor.cpp.obj)
                0x038050fc                vex::motor::stop()
 .text._ZN3vex5motor16velocityToScaledEdNS_13velocityUnitsE
                0x03805104       0x5c C:\Program Files (x86)\VEX Robotics\VEXcode Pro V5\sdk/vexv5\libv5rt.a(vex_motor.cpp.obj)
                0x03805104                vex::motor::velocityToScaled(double, vex::velocityUnits)
 .text._ZN3vex5motor8velocityENS_13velocityUnitsE
                0x03805160       0x30 C:\Program Files (x86)\VEX Robotics\VEXcode Pro V5\sdk/vexv5\libv5rt.a(vex_motor.cpp.obj)
                0x03805160                vex::motor::velocity(vex::velocityUnits)
 .text._ZN3vex5motor5valueEv
                0x03805190       0x1c C:\Program Files (x86)\VEX Robotics\VEXcode Pro V5\sdk/vexv5\libv5rt.a(vex_motor.cpp.obj)
                0x03805190                vex::motor::value()
 .text._ZN3vex5motor16scaledToVelocityEdNS_13velocityUnitsE
                0x038051ac       0xa4 C:\Program Files (x86)\VEX Robotics\VEXcode Pro V5\sdk/vexv5\libv5rt.a(vex_motor.cpp.obj)
                0x038051ac                vex::motor::scaledToVelocity(double, vex::velocityUnits)
 .text._ZN3vex5motor4spinENS_13directionTypeEdNS_13velocityUnitsE
                0x03805250       0x5c C:\Program Files (x86)\VEX Robotics\VEXcode Pro V5\sdk/vexv5\libv5rt.a(vex_motor.cpp.obj)
                0x03805250                vex::motor::spin(vex::directionType, double, vex::velocityUnits)
 *fill*         0x038052ac        0x4 
 .text._ZN3vex5motor9rotateForEdNS_9timeUnitsEdNS_13velocityUnitsE
                0x038052b0       0x78 C:\Program Files (x86)\VEX Robotics\VEXcode Pro V5\sdk/vexv5\libv5rt.a(vex_motor.cpp.obj)
                0x038052b0                vex::motor::rotateFor(double, vex::timeUnits, double, vex::velocityUnits)
 .text._ZN3vex5motor7spinForENS_13directionTypeEdNS_9timeUnitsE
                0x03805328       0x44 C:\Program Files (x86)\VEX Robotics\VEXcode Pro V5\sdk/vexv5\libv5rt.a(vex_motor.cpp.obj)
                0x03805328                vex::motor::spinFor(vex::directionType, double, vex::timeUnits)
 .text._ZN3vex5motor11setVelocityEdNS_13velocityUnitsE
                0x0380536c       0x54 C:\Program Files (x86)\VEX Robotics\VEXcode Pro V5\sdk/vexv5\libv5rt.a(vex_motor.cpp.obj)
                0x0380536c                vex::motor::setVelocity(double, vex::velocityUnits)
 .text._ZN3vex5motor16setRotationUnitsENS_13rotationUnitsE
                0x038053c0       0x1c C:\Program Files (x86)\VEX Robotics\VEXcode Pro V5\sdk/vexv5\libv5rt.a(vex_motor.cpp.obj)
                0x038053c0                vex::motor::setRotationUnits(vex::rotationUnits)
 .text._ZN3vex5motor11setRotationEdNS_13rotationUnitsE
                0x038053dc       0x44 C:\Program Files (x86)\VEX Robotics\VEXcode Pro V5\sdk/vexv5\libv5rt.a(vex_motor.cpp.obj)
                0x038053dc                vex::motor::setRotation(double, vex::rotationUnits)
 .text._ZN3vex5motor13resetPositionEv
                0x03805420       0x20 C:\Program Files (x86)\VEX Robotics\VEXcode Pro V5\sdk/vexv5\libv5rt.a(vex_motor.cpp.obj)
                0x03805420                vex::motor::resetPosition()
 .text._ZN3vex5motor9rotateForEdNS_13rotationUnitsEdNS_13velocityUnitsEb
                0x03805440       0xf4 C:\Program Files (x86)\VEX Robotics\VEXcode Pro V5\sdk/vexv5\libv5rt.a(vex_motor.cpp.obj)
                0x03805440                vex::motor::rotateFor(double, vex::rotationUnits, double, vex::velocityUnits, bool)
 .text._ZN3vex5motor9rotateForENS_13directionTypeEdNS_13rotationUnitsEdNS_13velocityUnitsEb
                0x03805534       0x34 C:\Program Files (x86)\VEX Robotics\VEXcode Pro V5\sdk/vexv5\libv5rt.a(vex_motor.cpp.obj)
                0x03805534                vex::motor::rotateFor(vex::directionType, double, vex::rotationUnits, double, vex::velocityUnits, bool)
 .text._ZN3vex5motor9rotateForENS_13directionTypeEdNS_13rotationUnitsEb
                0x03805568       0x3c C:\Program Files (x86)\VEX Robotics\VEXcode Pro V5\sdk/vexv5\libv5rt.a(vex_motor.cpp.obj)
                0x03805568                vex::motor::rotateFor(vex::directionType, double, vex::rotationUnits, bool)
 .text._ZN3vex7opticalD2Ev
                0x038055a4       0x20 C:\Program Files (x86)\VEX Robotics\VEXcode Pro V5\sdk/vexv5\libv5rt.a(vex_optical.cpp.obj)
                0x038055a4                vex::optical::~optical()
                0x038055a4                vex::optical::~optical()
 .text._ZN3vex7opticalD0Ev
                0x038055c4       0x1c C:\Program Files (x86)\VEX Robotics\VEXcode Pro V5\sdk/vexv5\libv5rt.a(vex_optical.cpp.obj)
                0x038055c4                vex::optical::~optical()
 .text._ZN3vex7optical9installedEv
                0x038055e0       0x18 C:\Program Files (x86)\VEX Robotics\VEXcode Pro V5\sdk/vexv5\libv5rt.a(vex_optical.cpp.obj)
                0x038055e0                vex::optical::installed()
 .text._ZN3vex7optical3hueEv
                0x038055f8        0x8 C:\Program Files (x86)\VEX Robotics\VEXcode Pro V5\sdk/vexv5\libv5rt.a(vex_optical.cpp.obj)
                0x038055f8                vex::optical::hue()
 .text._ZN3vex7optical5valueEv
                0x03805600       0x18 C:\Program Files (x86)\VEX Robotics\VEXcode Pro V5\sdk/vexv5\libv5rt.a(vex_optical.cpp.obj)
                0x03805600                vex::optical::value()
 .text._ZN3vex7optical13gestureEnableEv
                0x03805618        0x8 C:\Program Files (x86)\VEX Robotics\VEXcode Pro V5\sdk/vexv5\libv5rt.a(vex_optical.cpp.obj)
                0x03805618                vex::optical::gestureEnable()
 .text._ZN3vex7optical14gestureDisableEv
                0x03805620        0x8 C:\Program Files (x86)\VEX Robotics\VEXcode Pro V5\sdk/vexv5\libv5rt.a(vex_optical.cpp.obj)
                0x03805620                vex::optical::gestureDisable()
 .text._ZN3vex7opticalC2Elb
                0x03805628       0x54 C:\Program Files (x86)\VEX Robotics\VEXcode Pro V5\sdk/vexv5\libv5rt.a(vex_optical.cpp.obj)
                0x03805628                vex::optical::optical(long, bool)
                0x03805628                vex::optical::optical(long, bool)
 .text._ZN3vex10controllerD2Ev
                0x0380567c        0x4 C:\Program Files (x86)\VEX Robotics\VEXcode Pro V5\sdk/vexv5\libv5rt.a(vex_controller.cpp.obj)
                0x0380567c                vex::controller::~controller()
                0x0380567c                vex::controller::~controller()
 .text._ZN3vex10controller5valueE19_V5_ControllerIndex
                0x03805680        0x8 C:\Program Files (x86)\VEX Robotics\VEXcode Pro V5\sdk/vexv5\libv5rt.a(vex_controller.cpp.obj)
                0x03805680                vex::controller::value(_V5_ControllerIndex)
 .text._ZNK3vex10controller6button8pressingEv
                0x03805688       0xc8 C:\Program Files (x86)\VEX Robotics\VEXcode Pro V5\sdk/vexv5\libv5rt.a(vex_controller.cpp.obj)
                0x03805688                vex::controller::button::pressing() const
 .text._ZNK3vex10controller6button7pressedEPFvvE
                0x03805750      0x108 C:\Program Files (x86)\VEX Robotics\VEXcode Pro V5\sdk/vexv5\libv5rt.a(vex_controller.cpp.obj)
                0x03805750                vex::controller::button::pressed(void (*)()) const
 .text._ZNK3vex10controller6button21_buttonToPressedEventEv
                0x03805858       0x20 C:\Program Files (x86)\VEX Robotics\VEXcode Pro V5\sdk/vexv5\libv5rt.a(vex_controller.cpp.obj)
                0x03805858                vex::controller::button::_buttonToPressedEvent() const
 .text._ZNK3vex10controller6button22_buttonToReleasedEventEv
                0x03805878       0x20 C:\Program Files (x86)\VEX Robotics\VEXcode Pro V5\sdk/vexv5\libv5rt.a(vex_controller.cpp.obj)
                0x03805878                vex::controller::button::_buttonToReleasedEvent() const
 .text._ZN3vex10controller6buttonC2ENS0_11tButtonTypeEPS0_
                0x03805898       0x48 C:\Program Files (x86)\VEX Robotics\VEXcode Pro V5\sdk/vexv5\libv5rt.a(vex_controller.cpp.obj)
                0x03805898                vex::controller::button::button(vex::controller::tButtonType, vex::controller*)
                0x03805898                vex::controller::button::button(vex::controller::tButtonType, vex::controller*)
 .text._ZNK3vex10controller4axis5valueEv
                0x038058e0       0x58 C:\Program Files (x86)\VEX Robotics\VEXcode Pro V5\sdk/vexv5\libv5rt.a(vex_controller.cpp.obj)
                0x038058e0                vex::controller::axis::value() const
 .text._ZNK3vex10controller4axis23_joystickToChangedEventEv
                0x03805938       0x20 C:\Program Files (x86)\VEX Robotics\VEXcode Pro V5\sdk/vexv5\libv5rt.a(vex_controller.cpp.obj)
                0x03805938                vex::controller::axis::_joystickToChangedEvent() const
 .text._ZN3vex10controller4axisC2ENS0_9tAxisTypeEPS0_
                0x03805958       0x2c C:\Program Files (x86)\VEX Robotics\VEXcode Pro V5\sdk/vexv5\libv5rt.a(vex_controller.cpp.obj)
                0x03805958                vex::controller::axis::axis(vex::controller::tAxisType, vex::controller*)
                0x03805958                vex::controller::axis::axis(vex::controller::tAxisType, vex::controller*)
 .text._ZN3vex10controllerC2ENS_14controllerTypeE
                0x03805984      0x16c C:\Program Files (x86)\VEX Robotics\VEXcode Pro V5\sdk/vexv5\libv5rt.a(vex_controller.cpp.obj)
                0x03805984                vex::controller::controller(vex::controllerType)
                0x03805984                vex::controller::controller(vex::controllerType)
 .text._ZN3vex10controller3lcd15getControllerIdEv
                0x03805af0       0x10 C:\Program Files (x86)\VEX Robotics\VEXcode Pro V5\sdk/vexv5\libv5rt.a(vex_controller.cpp.obj)
                0x03805af0                vex::controller::lcd::getControllerId()
 .text._ZN3vex10controller3lcd9setCursorEll
                0x03805b00       0x40 C:\Program Files (x86)\VEX Robotics\VEXcode Pro V5\sdk/vexv5\libv5rt.a(vex_controller.cpp.obj)
                0x03805b00                vex::controller::lcd::setCursor(long, long)
 .text._ZN3vex10controller3lcd5printEPKcz
                0x03805b40       0x80 C:\Program Files (x86)\VEX Robotics\VEXcode Pro V5\sdk/vexv5\libv5rt.a(vex_controller.cpp.obj)
                0x03805b40                vex::controller::lcd::print(char const*, ...)
 .text._ZN3vex4taskC2EPFivE
                0x03805bc0       0x5c C:\Program Files (x86)\VEX Robotics\VEXcode Pro V5\sdk/vexv5\libv5rt.a(vex_task.cpp.obj)
                0x03805bc0                vex::task::task(int (*)())
                0x03805bc0                vex::task::task(int (*)())
 .text._ZN3vex4taskD2Ev
                0x03805c1c        0x4 C:\Program Files (x86)\VEX Robotics\VEXcode Pro V5\sdk/vexv5\libv5rt.a(vex_task.cpp.obj)
                0x03805c1c                vex::task::~task()
                0x03805c1c                vex::task::~task()
 .text._ZN3vex4task4stopEPvi
                0x03805c20       0x1c C:\Program Files (x86)\VEX Robotics\VEXcode Pro V5\sdk/vexv5\libv5rt.a(vex_task.cpp.obj)
                0x03805c20                vex::task::stop(void*, int)
 .text._ZN3vex4task5sleepEm
                0x03805c3c        0x4 C:\Program Files (x86)\VEX Robotics\VEXcode Pro V5\sdk/vexv5\libv5rt.a(vex_task.cpp.obj)
                0x03805c3c                vex::task::sleep(unsigned long)
 .text._ZN3vex4task6_indexEPFivE
                0x03805c40       0x14 C:\Program Files (x86)\VEX Robotics\VEXcode Pro V5\sdk/vexv5\libv5rt.a(vex_task.cpp.obj)
                0x03805c40                vex::task::_index(int (*)())
 .text._ZN3vex4task8_stopAllEv
                0x03805c54       0x3c C:\Program Files (x86)\VEX Robotics\VEXcode Pro V5\sdk/vexv5\libv5rt.a(vex_task.cpp.obj)
                0x03805c54                vex::task::_stopAll()
 .text._ZN3vex6threadC2EPFiPvES1_
                0x03805c90       0x5c C:\Program Files (x86)\VEX Robotics\VEXcode Pro V5\sdk/vexv5\libv5rt.a(vex_thread.cpp.obj)
                0x03805c90                vex::thread::thread(int (*)(void*), void*)
                0x03805c90                vex::thread::thread(int (*)(void*), void*)
 .text._ZN3vex6threadD2Ev
                0x03805cec        0x4 C:\Program Files (x86)\VEX Robotics\VEXcode Pro V5\sdk/vexv5\libv5rt.a(vex_thread.cpp.obj)
                0x03805cec                vex::thread::~thread()
                0x03805cec                vex::thread::~thread()
 .text._ZN3vex6thread9interruptEv
                0x03805cf0       0x18 C:\Program Files (x86)\VEX Robotics\VEXcode Pro V5\sdk/vexv5\libv5rt.a(vex_thread.cpp.obj)
                0x03805cf0                vex::thread::interrupt()
 .text._ZN3vex11this_thread9sleep_forEm
                0x03805d08        0x4 C:\Program Files (x86)\VEX Robotics\VEXcode Pro V5\sdk/vexv5\libv5rt.a(vex_thread.cpp.obj)
                0x03805d08                vex::this_thread::sleep_for(unsigned long)
 .text._ZN3vex11this_thread11sleep_untilEm
                0x03805d0c       0x20 C:\Program Files (x86)\VEX Robotics\VEXcode Pro V5\sdk/vexv5\libv5rt.a(vex_thread.cpp.obj)
                0x03805d0c                vex::this_thread::sleep_until(unsigned long)
 .text._ZN3vex5mutexC2Ev
                0x03805d2c       0x1c C:\Program Files (x86)\VEX Robotics\VEXcode Pro V5\sdk/vexv5\libv5rt.a(vex_thread.cpp.obj)
                0x03805d2c                vex::mutex::mutex()
                0x03805d2c                vex::mutex::mutex()
 .text._ZN3vex5mutexD2Ev
                0x03805d48        0x4 C:\Program Files (x86)\VEX Robotics\VEXcode Pro V5\sdk/vexv5\libv5rt.a(vex_thread.cpp.obj)
                0x03805d48                vex::mutex::~mutex()
                0x03805d48                vex::mutex::~mutex()
 .text._ZN3vex5mutex4lockEv
                0x03805d4c        0x8 C:\Program Files (x86)\VEX Robotics\VEXcode Pro V5\sdk/vexv5\libv5rt.a(vex_thread.cpp.obj)
                0x03805d4c                vex::mutex::lock()
 .text._ZN3vex5mutex6unlockEv
                0x03805d54        0x4 C:\Program Files (x86)\VEX Robotics\VEXcode Pro V5\sdk/vexv5\libv5rt.a(vex_thread.cpp.obj)
                0x03805d54                vex::mutex::unlock()
 .text._ZN3vex5event4initEmmPFvvE
                0x03805d58        0x4 C:\Program Files (x86)\VEX Robotics\VEXcode Pro V5\sdk/vexv5\libv5rt.a(vex_event.cpp.obj)
                0x03805d58                vex::event::init(unsigned long, unsigned long, void (*)())
 .text._ZN3vex5event4initEmmPFvPvES1_
                0x03805d5c        0x4 C:\Program Files (x86)\VEX Robotics\VEXcode Pro V5\sdk/vexv5\libv5rt.a(vex_event.cpp.obj)
                0x03805d5c                vex::event::init(unsigned long, unsigned long, void (*)(void*), void*)
 .text._ZN3vex5event9userindexEv
                0x03805d60        0x4 C:\Program Files (x86)\VEX Robotics\VEXcode Pro V5\sdk/vexv5\libv5rt.a(vex_event.cpp.obj)
                0x03805d60                vex::event::userindex()
 .text._ZZN3vex6meventC4EmmENUlvE_4_FUNEv
                0x03805d64        0x4 C:\Program Files (x86)\VEX Robotics\VEXcode Pro V5\sdk/vexv5\libv5rt.a(vex_mevent.cpp.obj)
 .text._ZN3vex6meventC2Emm
                0x03805d68       0x70 C:\Program Files (x86)\VEX Robotics\VEXcode Pro V5\sdk/vexv5\libv5rt.a(vex_mevent.cpp.obj)
                0x03805d68                vex::mevent::mevent(unsigned long, unsigned long)
                0x03805d68                vex::mevent::mevent(unsigned long, unsigned long)
 .text._ZN3vex5brain9_getIndexEv
                0x03805dd8       0x10 C:\Program Files (x86)\VEX Robotics\VEXcode Pro V5\sdk/vexv5\libv5rt.a(vex_brain.cpp.obj)
                0x03805dd8                vex::brain::_getIndex()
 .text._ZN3vex5brain3lcd9setCursorEll
                0x03805de8       0x44 C:\Program Files (x86)\VEX Robotics\VEXcode Pro V5\sdk/vexv5\libv5rt.a(vex_brain.cpp.obj)
                0x03805de8                vex::brain::lcd::setCursor(long, long)
 .text._ZN3vex5brain3lcd7setFontENS_8fontTypeE
                0x03805e2c      0x23c C:\Program Files (x86)\VEX Robotics\VEXcode Pro V5\sdk/vexv5\libv5rt.a(vex_brain.cpp.obj)
                0x03805e2c                vex::brain::lcd::setFont(vex::fontType)
 .text._ZN3vex5brain3lcdC2Ev
                0x03806068       0x94 C:\Program Files (x86)\VEX Robotics\VEXcode Pro V5\sdk/vexv5\libv5rt.a(vex_brain.cpp.obj)
                0x03806068                vex::brain::lcd::lcd()
                0x03806068                vex::brain::lcd::lcd()
 .text._ZN3vex5brainC2Ev
                0x038060fc       0x3c C:\Program Files (x86)\VEX Robotics\VEXcode Pro V5\sdk/vexv5\libv5rt.a(vex_brain.cpp.obj)
                0x038060fc                vex::brain::brain()
                0x038060fc                vex::brain::brain()
 .text._ZN3vex5brain3lcd7printAtEllPKcz
                0x03806138       0x54 C:\Program Files (x86)\VEX Robotics\VEXcode Pro V5\sdk/vexv5\libv5rt.a(vex_brain.cpp.obj)
                0x03806138                vex::brain::lcd::printAt(long, long, char const*, ...)
 .text._ZN3vex5brain3lcd19drawImageFromBufferEPmiiii
                0x0380618c       0x84 C:\Program Files (x86)\VEX Robotics\VEXcode Pro V5\sdk/vexv5\libv5rt.a(vex_brain.cpp.obj)
                0x0380618c                vex::brain::lcd::drawImageFromBuffer(unsigned long*, int, int, int, int)
 .text._ZN3vex5brainD2Ev
                0x03806210       0x20 C:\Program Files (x86)\VEX Robotics\VEXcode Pro V5\sdk/vexv5\libv5rt.a(vex_brain.cpp.obj)
                0x03806210                vex::brain::~brain()
                0x03806210                vex::brain::~brain()
 .text._ZN3vex11competition8_disableEPv
                0x03806230       0xa4 C:\Program Files (x86)\VEX Robotics\VEXcode Pro V5\sdk/vexv5\libv5rt.a(vex_competition.cpp.obj)
                0x03806230                vex::competition::_disable(void*)
 .text._ZN3vex11competition11_autonomousEv
                0x038062d4       0x80 C:\Program Files (x86)\VEX Robotics\VEXcode Pro V5\sdk/vexv5\libv5rt.a(vex_competition.cpp.obj)
                0x038062d4                vex::competition::_autonomous()
 .text._ZN3vex11competition14_drivercontrolEv
                0x03806354       0x80 C:\Program Files (x86)\VEX Robotics\VEXcode Pro V5\sdk/vexv5\libv5rt.a(vex_competition.cpp.obj)
                0x03806354                vex::competition::_drivercontrol()
 .text._ZN3vex11competitionC2Ev
                0x038063d4      0x13c C:\Program Files (x86)\VEX Robotics\VEXcode Pro V5\sdk/vexv5\libv5rt.a(vex_competition.cpp.obj)
                0x038063d4                vex::competition::competition()
                0x038063d4                vex::competition::competition()
 .text._ZN3vex11competitionD2Ev
                0x03806510        0x4 C:\Program Files (x86)\VEX Robotics\VEXcode Pro V5\sdk/vexv5\libv5rt.a(vex_competition.cpp.obj)
                0x03806510                vex::competition::~competition()
                0x03806510                vex::competition::~competition()
 .text._ZN3vex11competition10autonomousEPFvvE
                0x03806514       0x44 C:\Program Files (x86)\VEX Robotics\VEXcode Pro V5\sdk/vexv5\libv5rt.a(vex_competition.cpp.obj)
                0x03806514                vex::competition::autonomous(void (*)())
 .text._ZN3vex11competition13drivercontrolEPFvvE
                0x03806558       0x44 C:\Program Files (x86)\VEX Robotics\VEXcode Pro V5\sdk/vexv5\libv5rt.a(vex_competition.cpp.obj)
                0x03806558                vex::competition::drivercontrol(void (*)())
 .text._ZN3vex7triportD2Ev
                0x0380659c       0x38 C:\Program Files (x86)\VEX Robotics\VEXcode Pro V5\sdk/vexv5\libv5rt.a(vex_triport.cpp.obj)
                0x0380659c                vex::triport::~triport()
                0x0380659c                vex::triport::~triport()
 .text._ZN3vex7triportD0Ev
                0x038065d4       0x1c C:\Program Files (x86)\VEX Robotics\VEXcode Pro V5\sdk/vexv5\libv5rt.a(vex_triport.cpp.obj)
                0x038065d4                vex::triport::~triport()
 .text._ZN3vex7triport9installedEv
                0x038065f0       0x18 C:\Program Files (x86)\VEX Robotics\VEXcode Pro V5\sdk/vexv5\libv5rt.a(vex_triport.cpp.obj)
                0x038065f0                vex::triport::installed()
 .text._ZN3vex7triport4portC2ElPS0_
                0x03806608       0x74 C:\Program Files (x86)\VEX Robotics\VEXcode Pro V5\sdk/vexv5\libv5rt.a(vex_triport.cpp.obj)
                0x03806608                vex::triport::port::port(long, vex::triport*)
                0x03806608                vex::triport::port::port(long, vex::triport*)
 .text._ZN3vex7triportC2El
                0x0380667c       0xf0 C:\Program Files (x86)\VEX Robotics\VEXcode Pro V5\sdk/vexv5\libv5rt.a(vex_triport.cpp.obj)
                0x0380667c                vex::triport::triport(long)
                0x0380667c                vex::triport::triport(long)
 .text._ZN3vex7triport4port4typeENS_11triportTypeE
                0x0380676c       0x30 C:\Program Files (x86)\VEX Robotics\VEXcode Pro V5\sdk/vexv5\libv5rt.a(vex_triport.cpp.obj)
                0x0380676c                vex::triport::port::type(vex::triportType)
 .text._ZN3vex7triport4port4typeEv
                0x0380679c       0x38 C:\Program Files (x86)\VEX Robotics\VEXcode Pro V5\sdk/vexv5\libv5rt.a(vex_triport.cpp.obj)
                0x0380679c                vex::triport::port::type()
 .text._ZN3vex7triport4port5valueEl
                0x038067d4       0x18 C:\Program Files (x86)\VEX Robotics\VEXcode Pro V5\sdk/vexv5\libv5rt.a(vex_triport.cpp.obj)
                0x038067d4                vex::triport::port::value(long)
 .text._ZN3vex11__trideviceC2ERNS_7triport4portENS_11triportTypeE
                0x038067ec       0x5c C:\Program Files (x86)\VEX Robotics\VEXcode Pro V5\sdk/vexv5\libv5rt.a(vex_triport.cpp.obj)
                0x038067ec                vex::__tridevice::__tridevice(vex::triport::port&, vex::triportType)
                0x038067ec                vex::__tridevice::__tridevice(vex::triport::port&, vex::triportType)
 .text._ZN3vex11digital_outC2ERNS_7triport4portE
                0x03806848       0x18 C:\Program Files (x86)\VEX Robotics\VEXcode Pro V5\sdk/vexv5\libv5rt.a(vex_triport.cpp.obj)
                0x03806848                vex::digital_out::digital_out(vex::triport::port&)
                0x03806848                vex::digital_out::digital_out(vex::triport::port&)
 .text._ZN3vex11digital_outD2Ev
                0x03806860        0x4 C:\Program Files (x86)\VEX Robotics\VEXcode Pro V5\sdk/vexv5\libv5rt.a(vex_triport.cpp.obj)
                0x03806860                vex::digital_out::~digital_out()
                0x03806860                vex::digital_out::~digital_out()
 .text._ZN3vex11digital_out3setEb
                0x03806864        0x8 C:\Program Files (x86)\VEX Robotics\VEXcode Pro V5\sdk/vexv5\libv5rt.a(vex_triport.cpp.obj)
                0x03806864                vex::digital_out::set(bool)
 .text._ZN3vex5colorD2Ev
                0x0380686c        0x4 C:\Program Files (x86)\VEX Robotics\VEXcode Pro V5\sdk/vexv5\libv5rt.a(vex_color.cpp.obj)
                0x0380686c                vex::color::~color()
                0x0380686c                vex::color::~color()
 .text.startup._GLOBAL__sub_I__ZN3vex5color5blackE
                0x03806870      0x164 C:\Program Files (x86)\VEX Robotics\VEXcode Pro V5\sdk/vexv5\libv5rt.a(vex_color.cpp.obj)
 .text._ZN3vex5timerD2Ev
                0x038069d4        0x4 C:\Program Files (x86)\VEX Robotics\VEXcode Pro V5\sdk/vexv5\libv5rt.a(vex_timer.cpp.obj)
                0x038069d4                vex::timer::~timer()
                0x038069d4                vex::timer::~timer()
 .text._ZN3vex5timer5clearEv
                0x038069d8       0x1c C:\Program Files (x86)\VEX Robotics\VEXcode Pro V5\sdk/vexv5\libv5rt.a(vex_timer.cpp.obj)
                0x038069d8                vex::timer::clear()
 .text._ZN3vex5timerC2Ev
                0x038069f4       0x14 C:\Program Files (x86)\VEX Robotics\VEXcode Pro V5\sdk/vexv5\libv5rt.a(vex_timer.cpp.obj)
                0x038069f4                vex::timer::timer()
                0x038069f4                vex::timer::timer()
 .text._ZN3vex5timer6systemEv
                0x03806a08        0x4 C:\Program Files (x86)\VEX Robotics\VEXcode Pro V5\sdk/vexv5\libv5rt.a(vex_timer.cpp.obj)
                0x03806a08                vex::timer::system()
 .text._ZN3vex11motor_group18motor_group_motorsC2Ev
                0x03806a0c       0x28 C:\Program Files (x86)\VEX Robotics\VEXcode Pro V5\sdk/vexv5\libv5rt.a(vex_motorgroup.cpp.obj)
                0x03806a0c                vex::motor_group::motor_group_motors::motor_group_motors()
                0x03806a0c                vex::motor_group::motor_group_motors::motor_group_motors()
 .text._ZN3vex11motor_group18motor_group_motorsC2ERKS1_
                0x03806a34       0x20 C:\Program Files (x86)\VEX Robotics\VEXcode Pro V5\sdk/vexv5\libv5rt.a(vex_motorgroup.cpp.obj)
                0x03806a34                vex::motor_group::motor_group_motors::motor_group_motors(vex::motor_group::motor_group_motors const&)
                0x03806a34                vex::motor_group::motor_group_motors::motor_group_motors(vex::motor_group::motor_group_motors const&)
 .text._ZN3vex11motor_groupC2Ev
                0x03806a54       0x1c C:\Program Files (x86)\VEX Robotics\VEXcode Pro V5\sdk/vexv5\libv5rt.a(vex_motorgroup.cpp.obj)
                0x03806a54                vex::motor_group::motor_group()
                0x03806a54                vex::motor_group::motor_group()
 .text._ZN3vex11motor_groupD2Ev
                0x03806a70        0x4 C:\Program Files (x86)\VEX Robotics\VEXcode Pro V5\sdk/vexv5\libv5rt.a(vex_motorgroup.cpp.obj)
                0x03806a70                vex::motor_group::~motor_group()
                0x03806a70                vex::motor_group::~motor_group()
 .text._ZN3vex11motor_group9_addMotorERNS_5motorE
                0x03806a74       0x20 C:\Program Files (x86)\VEX Robotics\VEXcode Pro V5\sdk/vexv5\libv5rt.a(vex_motorgroup.cpp.obj)
                0x03806a74                vex::motor_group::_addMotor(vex::motor&)
 .text._ZN3vex11motor_group11setVelocityEdNS_13velocityUnitsE
                0x03806a94       0x4c C:\Program Files (x86)\VEX Robotics\VEXcode Pro V5\sdk/vexv5\libv5rt.a(vex_motorgroup.cpp.obj)
                0x03806a94                vex::motor_group::setVelocity(double, vex::velocityUnits)
 .text._ZN3vex11motor_group11setStoppingENS_9brakeTypeE
                0x03806ae0       0x38 C:\Program Files (x86)\VEX Robotics\VEXcode Pro V5\sdk/vexv5\libv5rt.a(vex_motorgroup.cpp.obj)
                0x03806ae0                vex::motor_group::setStopping(vex::brakeType)
 .text._ZN3vex11motor_group4spinENS_13directionTypeEdNS_13velocityUnitsE
                0x03806b18       0x54 C:\Program Files (x86)\VEX Robotics\VEXcode Pro V5\sdk/vexv5\libv5rt.a(vex_motorgroup.cpp.obj)
                0x03806b18                vex::motor_group::spin(vex::directionType, double, vex::velocityUnits)
 .text._ZN3vex11motor_group4spinENS_13directionTypeEdNS_12voltageUnitsE
                0x03806b6c       0x54 C:\Program Files (x86)\VEX Robotics\VEXcode Pro V5\sdk/vexv5\libv5rt.a(vex_motorgroup.cpp.obj)
                0x03806b6c                vex::motor_group::spin(vex::directionType, double, vex::voltageUnits)
 .text._ZN3vex11motor_group10isSpinningEv
                0x03806bc0       0x40 C:\Program Files (x86)\VEX Robotics\VEXcode Pro V5\sdk/vexv5\libv5rt.a(vex_motorgroup.cpp.obj)
                0x03806bc0                vex::motor_group::isSpinning()
 .text._ZN3vex11motor_group6isDoneEv
                0x03806c00       0x14 C:\Program Files (x86)\VEX Robotics\VEXcode Pro V5\sdk/vexv5\libv5rt.a(vex_motorgroup.cpp.obj)
                0x03806c00                vex::motor_group::isDone()
 .text._ZN3vex11motor_group14isSpinningModeEv
                0x03806c14       0x40 C:\Program Files (x86)\VEX Robotics\VEXcode Pro V5\sdk/vexv5\libv5rt.a(vex_motorgroup.cpp.obj)
                0x03806c14                vex::motor_group::isSpinningMode()
 .text._ZN3vex11motor_group4stopEv
                0x03806c54       0x30 C:\Program Files (x86)\VEX Robotics\VEXcode Pro V5\sdk/vexv5\libv5rt.a(vex_motorgroup.cpp.obj)
                0x03806c54                vex::motor_group::stop()
 .text._ZN3vex11motor_group20waitForCompletionAllEv
                0x03806c84       0x60 C:\Program Files (x86)\VEX Robotics\VEXcode Pro V5\sdk/vexv5\libv5rt.a(vex_motorgroup.cpp.obj)
                0x03806c84                vex::motor_group::waitForCompletionAll()
 .text._ZN3vex11motor_group9rotateForENS_13directionTypeEdNS_13rotationUnitsEdNS_13velocityUnitsEb
                0x03806ce4       0xa8 C:\Program Files (x86)\VEX Robotics\VEXcode Pro V5\sdk/vexv5\libv5rt.a(vex_motorgroup.cpp.obj)
                0x03806ce4                vex::motor_group::rotateFor(vex::directionType, double, vex::rotationUnits, double, vex::velocityUnits, bool)
 .text._ZN3vex11motor_group9rotateForENS_13directionTypeEdNS_13rotationUnitsEb
                0x03806d8c       0x80 C:\Program Files (x86)\VEX Robotics\VEXcode Pro V5\sdk/vexv5\libv5rt.a(vex_motorgroup.cpp.obj)
                0x03806d8c                vex::motor_group::rotateFor(vex::directionType, double, vex::rotationUnits, bool)
 .text._ZN3vex10drivetrainD2Ev
                0x03806e0c       0x28 C:\Program Files (x86)\VEX Robotics\VEXcode Pro V5\sdk/vexv5\libv5rt.a(vex_drivetrain.cpp.obj)
                0x03806e0c                vex::drivetrain::~drivetrain()
                0x03806e0c                vex::drivetrain::~drivetrain()
 .text._ZN3vex10drivetrainD0Ev
                0x03806e34       0x1c C:\Program Files (x86)\VEX Robotics\VEXcode Pro V5\sdk/vexv5\libv5rt.a(vex_drivetrain.cpp.obj)
                0x03806e34                vex::drivetrain::~drivetrain()
 .text._ZN3vex10drivetrain8isMovingEv
                0x03806e50       0x24 C:\Program Files (x86)\VEX Robotics\VEXcode Pro V5\sdk/vexv5\libv5rt.a(vex_drivetrain.cpp.obj)
                0x03806e50                vex::drivetrain::isMoving()
 .text._ZN3vex10drivetrain16setDriveVelocityEdNS_13velocityUnitsE
                0x03806e74       0x54 C:\Program Files (x86)\VEX Robotics\VEXcode Pro V5\sdk/vexv5\libv5rt.a(vex_drivetrain.cpp.obj)
                0x03806e74                vex::drivetrain::setDriveVelocity(double, vex::velocityUnits)
 .text._ZN3vex10drivetrain12setGearRatioEd
                0x03806ec8       0x54 C:\Program Files (x86)\VEX Robotics\VEXcode Pro V5\sdk/vexv5\libv5rt.a(vex_drivetrain.cpp.obj)
                0x03806ec8                vex::drivetrain::setGearRatio(double)
 .text._ZN3vex10drivetrain11setStoppingENS_9brakeTypeE
                0x03806f1c       0x24 C:\Program Files (x86)\VEX Robotics\VEXcode Pro V5\sdk/vexv5\libv5rt.a(vex_drivetrain.cpp.obj)
                0x03806f1c                vex::drivetrain::setStopping(vex::brakeType)
 .text._ZN3vex10drivetrain4turnENS_8turnTypeE
                0x03806f40       0x50 C:\Program Files (x86)\VEX Robotics\VEXcode Pro V5\sdk/vexv5\libv5rt.a(vex_drivetrain.cpp.obj)
                0x03806f40                vex::drivetrain::turn(vex::turnType)
 .text._ZN3vex10drivetrain15setTurnVelocityEdNS_13velocityUnitsE
                0x03806f90       0x28 C:\Program Files (x86)\VEX Robotics\VEXcode Pro V5\sdk/vexv5\libv5rt.a(vex_drivetrain.cpp.obj)
                0x03806f90                vex::drivetrain::setTurnVelocity(double, vex::velocityUnits)
 .text._ZN3vex10drivetrain6isDoneEv
                0x03806fb8       0x14 C:\Program Files (x86)\VEX Robotics\VEXcode Pro V5\sdk/vexv5\libv5rt.a(vex_drivetrain.cpp.obj)
                0x03806fb8                vex::drivetrain::isDone()
 .text._ZN3vex10drivetrain4stopEv
                0x03806fcc       0x24 C:\Program Files (x86)\VEX Robotics\VEXcode Pro V5\sdk/vexv5\libv5rt.a(vex_drivetrain.cpp.obj)
                0x03806fcc                vex::drivetrain::stop()
 .text._ZN3vex10drivetrain21_waitForCompletionAllEv
                0x03806ff0       0x80 C:\Program Files (x86)\VEX Robotics\VEXcode Pro V5\sdk/vexv5\libv5rt.a(vex_drivetrain.cpp.obj)
                0x03806ff0                vex::drivetrain::_waitForCompletionAll()
 .text._ZN3vex10drivetrain12distanceToMmEdNS_13distanceUnitsE
                0x03807070       0x38 C:\Program Files (x86)\VEX Robotics\VEXcode Pro V5\sdk/vexv5\libv5rt.a(vex_drivetrain.cpp.obj)
                0x03807070                vex::drivetrain::distanceToMm(double, vex::distanceUnits)
 .text._ZN3vex10drivetrainC2ERNS_11motor_groupES2_dddNS_13distanceUnitsEd
                0x038070a8       0xf8 C:\Program Files (x86)\VEX Robotics\VEXcode Pro V5\sdk/vexv5\libv5rt.a(vex_drivetrain.cpp.obj)
                0x038070a8                vex::drivetrain::drivetrain(vex::motor_group&, vex::motor_group&, double, double, double, vex::distanceUnits, double)
                0x038070a8                vex::drivetrain::drivetrain(vex::motor_group&, vex::motor_group&, double, double, double, vex::distanceUnits, double)
 .text._ZN3vex10drivetrain15_distanceToRevsEdNS_13distanceUnitsE
                0x038071a0       0x34 C:\Program Files (x86)\VEX Robotics\VEXcode Pro V5\sdk/vexv5\libv5rt.a(vex_drivetrain.cpp.obj)
                0x038071a0                vex::drivetrain::_distanceToRevs(double, vex::distanceUnits)
 .text._ZN3vex10drivetrain8driveForENS_13directionTypeEdNS_13distanceUnitsEb
                0x038071d4       0x90 C:\Program Files (x86)\VEX Robotics\VEXcode Pro V5\sdk/vexv5\libv5rt.a(vex_drivetrain.cpp.obj)
                0x038071d4                vex::drivetrain::driveFor(vex::directionType, double, vex::distanceUnits, bool)
 *fill*         0x03807264        0x4 
 .text._ZN3vex10drivetrain12_angleToRevsEdNS_13rotationUnitsE
                0x03807268       0x98 C:\Program Files (x86)\VEX Robotics\VEXcode Pro V5\sdk/vexv5\libv5rt.a(vex_drivetrain.cpp.obj)
                0x03807268                vex::drivetrain::_angleToRevs(double, vex::rotationUnits)
 .text._ZN3vex10drivetrain7turnForENS_8turnTypeEdNS_13rotationUnitsEb
                0x03807300       0xbc C:\Program Files (x86)\VEX Robotics\VEXcode Pro V5\sdk/vexv5\libv5rt.a(vex_drivetrain.cpp.obj)
                0x03807300                vex::drivetrain::turnFor(vex::turnType, double, vex::rotationUnits, bool)
 .text._ZN3vex10drivetrain7turnForEdNS_13rotationUnitsEb
                0x038073bc       0x10 C:\Program Files (x86)\VEX Robotics\VEXcode Pro V5\sdk/vexv5\libv5rt.a(vex_drivetrain.cpp.obj)
                0x038073bc                vex::drivetrain::turnFor(double, vex::rotationUnits, bool)
 .text._ZN3vex10drivetrain7turnForENS_8turnTypeEdNS_13rotationUnitsEdNS_13velocityUnitsEb
                0x038073cc       0xd0 C:\Program Files (x86)\VEX Robotics\VEXcode Pro V5\sdk/vexv5\libv5rt.a(vex_drivetrain.cpp.obj)
                0x038073cc                vex::drivetrain::turnFor(vex::turnType, double, vex::rotationUnits, double, vex::velocityUnits, bool)
 .text._ZN3vex10drivetrain7turnForEdNS_13rotationUnitsEdNS_13velocityUnitsEb
                0x0380749c       0x18 C:\Program Files (x86)\VEX Robotics\VEXcode Pro V5\sdk/vexv5\libv5rt.a(vex_drivetrain.cpp.obj)
                0x0380749c                vex::drivetrain::turnFor(double, vex::rotationUnits, double, vex::velocityUnits, bool)
 .text._ZN3vex6deviceD2Ev
                0x038074b4        0x4 C:\Program Files (x86)\VEX Robotics\VEXcode Pro V5\sdk/vexv5\libv5rt.a(vex_device.cpp.obj)
                0x038074b4                vex::device::~device()
                0x038074b4                vex::device::~device()
 .text._ZN3vex6device5valueEv
                0x038074b8        0x8 C:\Program Files (x86)\VEX Robotics\VEXcode Pro V5\sdk/vexv5\libv5rt.a(vex_device.cpp.obj)
                0x038074b8                vex::device::value()
 .text._ZN3vex6deviceD0Ev
                0x038074c0       0x14 C:\Program Files (x86)\VEX Robotics\VEXcode Pro V5\sdk/vexv5\libv5rt.a(vex_device.cpp.obj)
                0x038074c0                vex::device::~device()
 .text._ZN3vex6device4initEl
                0x038074d4       0x30 C:\Program Files (x86)\VEX Robotics\VEXcode Pro V5\sdk/vexv5\libv5rt.a(vex_device.cpp.obj)
                0x038074d4                vex::device::init(long)
 .text._ZN3vex6deviceC2El
                0x03807504       0x20 C:\Program Files (x86)\VEX Robotics\VEXcode Pro V5\sdk/vexv5\libv5rt.a(vex_device.cpp.obj)
                0x03807504                vex::device::device(long)
                0x03807504                vex::device::device(long)
 .text._ZN3vex6device4typeEv
                0x03807524       0x10 C:\Program Files (x86)\VEX Robotics\VEXcode Pro V5\sdk/vexv5\libv5rt.a(vex_device.cpp.obj)
                0x03807524                vex::device::type()
 .text._ZN3vex6device9installedEv
                0x03807534       0x14 C:\Program Files (x86)\VEX Robotics\VEXcode Pro V5\sdk/vexv5\libv5rt.a(vex_device.cpp.obj)
                0x03807534                vex::device::installed()
 .text.__aeabi_memclr
                0x03807548        0x8 C:\Program Files (x86)\VEX Robotics\VEXcode Pro V5\sdk/vexv5/gcc/libs\libc.a(lib_a-aeabi_memclr.o)
                0x03807548                __aeabi_memclr4
                0x03807548                __aeabi_memclr
                0x03807548                __aeabi_memclr8
 .text.__aeabi_memcpy
                0x03807550        0x4 C:\Program Files (x86)\VEX Robotics\VEXcode Pro V5\sdk/vexv5/gcc/libs\libc.a(lib_a-aeabi_memcpy.o)
                0x03807550                __aeabi_memcpy
                0x03807550                __aeabi_memcpy8
                0x03807550                __aeabi_memcpy4
 .text.calloc   0x03807554       0x14 C:\Program Files (x86)\VEX Robotics\VEXcode Pro V5\sdk/vexv5/gcc/libs\libc.a(lib_a-calloc.o)
                0x03807554                calloc
 .text._calloc_r
                0x03807568       0x64 C:\Program Files (x86)\VEX Robotics\VEXcode Pro V5\sdk/vexv5/gcc/libs\libc.a(lib_a-callocr.o)
                0x03807568                _calloc_r
 .text.__libc_fini_array
                0x038075cc       0x30 C:\Program Files (x86)\VEX Robotics\VEXcode Pro V5\sdk/vexv5/gcc/libs\libc.a(lib_a-fini.o)
                0x038075cc                __libc_fini_array
 .text.fmemseeker
                0x038075fc       0x70 C:\Program Files (x86)\VEX Robotics\VEXcode Pro V5\sdk/vexv5/gcc/libs\libc.a(lib_a-fmemopen.o)
 .text.fmemcloser
                0x0380766c        0xc C:\Program Files (x86)\VEX Robotics\VEXcode Pro V5\sdk/vexv5/gcc/libs\libc.a(lib_a-fmemopen.o)
 .text.fmemwriter
                0x03807678       0xa0 C:\Program Files (x86)\VEX Robotics\VEXcode Pro V5\sdk/vexv5/gcc/libs\libc.a(lib_a-fmemopen.o)
 .text.fmemreader
                0x03807718       0x38 C:\Program Files (x86)\VEX Robotics\VEXcode Pro V5\sdk/vexv5/gcc/libs\libc.a(lib_a-fmemopen.o)
 .text._fmemopen_r
                0x03807750      0x15c C:\Program Files (x86)\VEX Robotics\VEXcode Pro V5\sdk/vexv5/gcc/libs\libc.a(lib_a-fmemopen.o)
                0x03807750                _fmemopen_r
 .text.fmemopen
                0x038078ac       0x1c C:\Program Files (x86)\VEX Robotics\VEXcode Pro V5\sdk/vexv5/gcc/libs\libc.a(lib_a-fmemopen.o)
                0x038078ac                fmemopen
 .text.fprintf  0x038078c8       0x2c C:\Program Files (x86)\VEX Robotics\VEXcode Pro V5\sdk/vexv5/gcc/libs\libc.a(lib_a-fprintf.o)
                0x038078c8                fprintf
 .text._malloc_trim_r
                0x038078f4       0xa8 C:\Program Files (x86)\VEX Robotics\VEXcode Pro V5\sdk/vexv5/gcc/libs\libc.a(lib_a-freer.o)
                0x038078f4                _malloc_trim_r
 .text._free_r  0x0380799c      0x1b4 C:\Program Files (x86)\VEX Robotics\VEXcode Pro V5\sdk/vexv5/gcc/libs\libc.a(lib_a-freer.o)
                0x0380799c                _free_r
 .text.__libc_init_array
                0x03807b50       0x58 C:\Program Files (x86)\VEX Robotics\VEXcode Pro V5\sdk/vexv5/gcc/libs\libc.a(lib_a-init.o)
                0x03807b50                __libc_init_array
 .text.malloc   0x03807ba8       0x10 C:\Program Files (x86)\VEX Robotics\VEXcode Pro V5\sdk/vexv5/gcc/libs\libc.a(lib_a-malloc.o)
                0x03807ba8                malloc
 .text.free     0x03807bb8       0x10 C:\Program Files (x86)\VEX Robotics\VEXcode Pro V5\sdk/vexv5/gcc/libs\libc.a(lib_a-malloc.o)
                0x03807bb8                free
 .text._malloc_r
                0x03807bc8      0x5a4 C:\Program Files (x86)\VEX Robotics\VEXcode Pro V5\sdk/vexv5/gcc/libs\libc.a(lib_a-mallocr.o)
                0x03807bc8                _malloc_r
 .text.memcpy   0x0380816c       0xa8 C:\Program Files (x86)\VEX Robotics\VEXcode Pro V5\sdk/vexv5/gcc/libs\libc.a(lib_a-memcpy.o)
                0x0380816c                memcpy
 .text.__malloc_lock
                0x03808214        0x4 C:\Program Files (x86)\VEX Robotics\VEXcode Pro V5\sdk/vexv5/gcc/libs\libc.a(lib_a-mlock.o)
                0x03808214                __malloc_lock
 .text.__malloc_unlock
                0x03808218        0x4 C:\Program Files (x86)\VEX Robotics\VEXcode Pro V5\sdk/vexv5/gcc/libs\libc.a(lib_a-mlock.o)
                0x03808218                __malloc_unlock
 .text._puts_r  0x0380821c       0x68 C:\Program Files (x86)\VEX Robotics\VEXcode Pro V5\sdk/vexv5/gcc/libs\libc.a(lib_a-puts.o)
                0x0380821c                _puts_r
 .text.puts     0x03808284       0x10 C:\Program Files (x86)\VEX Robotics\VEXcode Pro V5\sdk/vexv5/gcc/libs\libc.a(lib_a-puts.o)
                0x03808284                puts
 .text.realloc  0x03808294       0x14 C:\Program Files (x86)\VEX Robotics\VEXcode Pro V5\sdk/vexv5/gcc/libs\libc.a(lib_a-realloc.o)
                0x03808294                realloc
 .text._realloc_r
                0x038082a8      0x3f8 C:\Program Files (x86)\VEX Robotics\VEXcode Pro V5\sdk/vexv5/gcc/libs\libc.a(lib_a-reallocr.o)
                0x038082a8                _realloc_r
 .text._sbrk_r  0x038086a0       0x28 C:\Program Files (x86)\VEX Robotics\VEXcode Pro V5\sdk/vexv5/gcc/libs\libc.a(lib_a-sbrkr.o)
                0x038086a0                _sbrk_r
 .text._sbrk_r.__stub
                0x038086c8       0x20 linker stubs
 *(.gnu.linkonce.t.*)
 *(.plt)
 *(.gnu_warning)
 *(.gcc_except_table)
 *(.glue_7)
 .glue_7        0x00000000        0x0 linker stubs
 *(.glue_7t)
 .glue_7t       0x00000000        0x0 linker stubs
 *(.vfp11_veneer)
 .vfp11_veneer  0x00000000        0x0 linker stubs
 *(.ARM.extab)
 *(.gnu.linkonce.armextab.*)

.v4_bx          0x038086e8        0x0
 .v4_bx         0x00000000        0x0 linker stubs

.iplt           0x038086e8        0x0
 .iplt          0x00000000        0x0 build/src/main.o

.init
 *(.init)

.fini
 *(.fini)

.rodata         0x038086e8      0x2f8
                0x038086e8                __rodata_start = .
 *(.rodata)
 *(.rodata.*)
 .rodata.str1.1
                0x038086e8       0x6b build/src/main.o
 .rodata.str1.1
                0x03808753       0x73 build/src/gifclass.o
 *fill*         0x038087c6        0x2 
 .rodata._ZTVN5sylib6DeviceE
                0x038087c8        0xc build/src/sylib/system.o
                0x038087c8                vtable for sylib::Device
 .rodata.str1.1
                0x038087d4       0x32 build/src/sylib/system.o
 *fill*         0x03808806        0x2 
 .rodata._ZTVN5sylib7AddrledE
                0x03808808        0xc build/src/sylib/addrled.o
                0x03808808                vtable for sylib::Addrled
 .rodata.str1.1
                0x03808814       0x1a build/src/sylib/addrled.o
                                 0x36 (size before relaxing)
 .rodata.str1.1
                0x0380882e       0x2e C:\Program Files (x86)\VEX Robotics\VEXcode Pro V5\sdk/vexv5\libv5rt.a(v5_startup.c.obj)
 .rodata._ZN3vex6PORT20E
                0x0380885c        0x4 C:\Program Files (x86)\VEX Robotics\VEXcode Pro V5\sdk/vexv5\libv5rt.a(vex_global.cpp.obj)
                0x0380885c                vex::PORT20
 .rodata._ZN3vex5PORT3E
                0x03808860        0x4 C:\Program Files (x86)\VEX Robotics\VEXcode Pro V5\sdk/vexv5\libv5rt.a(vex_global.cpp.obj)
                0x03808860                vex::PORT3
 .rodata._ZN3vex5PORT1E
                0x03808864        0x4 C:\Program Files (x86)\VEX Robotics\VEXcode Pro V5\sdk/vexv5\libv5rt.a(vex_global.cpp.obj)
                0x03808864                vex::PORT1
 .rodata._ZN3vex7reverseE
                0x03808868        0x4 C:\Program Files (x86)\VEX Robotics\VEXcode Pro V5\sdk/vexv5\libv5rt.a(vex_global.cpp.obj)
                0x03808868                vex::reverse
 .rodata._ZN3vex4voltE
                0x0380886c        0x4 C:\Program Files (x86)\VEX Robotics\VEXcode Pro V5\sdk/vexv5\libv5rt.a(vex_global.cpp.obj)
                0x0380886c                vex::volt
 .rodata._ZN3vex7forwardE
                0x03808870        0x4 C:\Program Files (x86)\VEX Robotics\VEXcode Pro V5\sdk/vexv5\libv5rt.a(vex_global.cpp.obj)
                0x03808870                vex::forward
 .rodata._ZN3vex6PORT14E
                0x03808874        0x4 C:\Program Files (x86)\VEX Robotics\VEXcode Pro V5\sdk/vexv5\libv5rt.a(vex_global.cpp.obj)
                0x03808874                vex::PORT14
 .rodata._ZN3vex3secE
                0x03808878        0x4 C:\Program Files (x86)\VEX Robotics\VEXcode Pro V5\sdk/vexv5\libv5rt.a(vex_global.cpp.obj)
                0x03808878                vex::sec
 .rodata._ZN3vex4msecE
                0x0380887c        0x4 C:\Program Files (x86)\VEX Robotics\VEXcode Pro V5\sdk/vexv5\libv5rt.a(vex_global.cpp.obj)
                0x0380887c                vex::msec
 .rodata._ZN3vex9ratio36_1E
                0x03808880        0x4 C:\Program Files (x86)\VEX Robotics\VEXcode Pro V5\sdk/vexv5\libv5rt.a(vex_global.cpp.obj)
                0x03808880                vex::ratio36_1
 .rodata._ZN3vex5PORT2E
                0x03808884        0x4 C:\Program Files (x86)\VEX Robotics\VEXcode Pro V5\sdk/vexv5\libv5rt.a(vex_global.cpp.obj)
                0x03808884                vex::PORT2
 .rodata._ZN3vex3rpmE
                0x03808888        0x4 C:\Program Files (x86)\VEX Robotics\VEXcode Pro V5\sdk/vexv5\libv5rt.a(vex_global.cpp.obj)
                0x03808888                vex::rpm
 .rodata._ZN3vex6PORT11E
                0x0380888c        0x4 C:\Program Files (x86)\VEX Robotics\VEXcode Pro V5\sdk/vexv5\libv5rt.a(vex_global.cpp.obj)
                0x0380888c                vex::PORT11
 .rodata._ZN3vex7primaryE
                0x03808890        0x4 C:\Program Files (x86)\VEX Robotics\VEXcode Pro V5\sdk/vexv5\libv5rt.a(vex_global.cpp.obj)
                0x03808890                vex::primary
 .rodata._ZN3vex6PORT15E
                0x03808894        0x4 C:\Program Files (x86)\VEX Robotics\VEXcode Pro V5\sdk/vexv5\libv5rt.a(vex_global.cpp.obj)
                0x03808894                vex::PORT15
 .rodata._ZN3vex6PORT22E
                0x03808898        0x4 C:\Program Files (x86)\VEX Robotics\VEXcode Pro V5\sdk/vexv5\libv5rt.a(vex_global.cpp.obj)
                0x03808898                vex::PORT22
 .rodata._ZN3vex4holdE
                0x0380889c        0x4 C:\Program Files (x86)\VEX Robotics\VEXcode Pro V5\sdk/vexv5\libv5rt.a(vex_global.cpp.obj)
                0x0380889c                vex::hold
 .rodata._ZN3vex6PORT12E
                0x038088a0        0x4 C:\Program Files (x86)\VEX Robotics\VEXcode Pro V5\sdk/vexv5\libv5rt.a(vex_global.cpp.obj)
                0x038088a0                vex::PORT12
 .rodata._ZN3vex8ratio6_1E
                0x038088a4        0x4 C:\Program Files (x86)\VEX Robotics\VEXcode Pro V5\sdk/vexv5\libv5rt.a(vex_global.cpp.obj)
                0x038088a4                vex::ratio6_1
 .rodata._ZN3vex2mmE
                0x038088a8        0x4 C:\Program Files (x86)\VEX Robotics\VEXcode Pro V5\sdk/vexv5\libv5rt.a(vex_global.cpp.obj)
                0x038088a8                vex::mm
 .rodata._ZN3vex5coastE
                0x038088ac        0x4 C:\Program Files (x86)\VEX Robotics\VEXcode Pro V5\sdk/vexv5\libv5rt.a(vex_global.cpp.obj)
                0x038088ac                vex::coast
 .rodata._ZN3vex5PORT4E
                0x038088b0        0x4 C:\Program Files (x86)\VEX Robotics\VEXcode Pro V5\sdk/vexv5\libv5rt.a(vex_global.cpp.obj)
                0x038088b0                vex::PORT4
 .rodata._ZN3vex9ratio18_1E
                0x038088b4        0x4 C:\Program Files (x86)\VEX Robotics\VEXcode Pro V5\sdk/vexv5\libv5rt.a(vex_global.cpp.obj)
                0x038088b4                vex::ratio18_1
 .rodata._ZN3vex6inchesE
                0x038088b8        0x4 C:\Program Files (x86)\VEX Robotics\VEXcode Pro V5\sdk/vexv5\libv5rt.a(vex_global.cpp.obj)
                0x038088b8                vex::inches
 *fill*         0x038088bc        0x4 
 .rodata._ZTVN3vex5motorE
                0x038088c0       0x18 C:\Program Files (x86)\VEX Robotics\VEXcode Pro V5\sdk/vexv5\libv5rt.a(vex_motor.cpp.obj)
                0x038088c0                vtable for vex::motor
 .rodata._ZTVN3vex7opticalE
                0x038088d8       0x18 C:\Program Files (x86)\VEX Robotics\VEXcode Pro V5\sdk/vexv5\libv5rt.a(vex_optical.cpp.obj)
                0x038088d8                vtable for vex::optical
 .rodata.CSWTCH.16
                0x038088f0        0xb C:\Program Files (x86)\VEX Robotics\VEXcode Pro V5\sdk/vexv5\libv5rt.a(vex_controller.cpp.obj)
 .rodata.CSWTCH.18
                0x038088fb        0xb C:\Program Files (x86)\VEX Robotics\VEXcode Pro V5\sdk/vexv5\libv5rt.a(vex_controller.cpp.obj)
 .rodata.CSWTCH.24
                0x03808906        0x3 C:\Program Files (x86)\VEX Robotics\VEXcode Pro V5\sdk/vexv5\libv5rt.a(vex_controller.cpp.obj)
 .rodata.str1.1
                0x03808909       0x14 C:\Program Files (x86)\VEX Robotics\VEXcode Pro V5\sdk/vexv5\libv5rt.a(vex_task.cpp.obj)
 .rodata.str1.1
                0x0380891d       0x14 C:\Program Files (x86)\VEX Robotics\VEXcode Pro V5\sdk/vexv5\libv5rt.a(vex_thread.cpp.obj)
 .rodata.str1.1
                0x03808931       0x28 C:\Program Files (x86)\VEX Robotics\VEXcode Pro V5\sdk/vexv5\libv5rt.a(vex_brain.cpp.obj)
                                 0x2d (size before relaxing)
 .rodata.CSWTCH.36
                0x03808959       0x10 C:\Program Files (x86)\VEX Robotics\VEXcode Pro V5\sdk/vexv5\libv5rt.a(vex_triport.cpp.obj)
 *fill*         0x03808969        0x7 
 .rodata._ZTVN3vex7triportE
                0x03808970       0x18 C:\Program Files (x86)\VEX Robotics\VEXcode Pro V5\sdk/vexv5\libv5rt.a(vex_triport.cpp.obj)
                0x03808970                vtable for vex::triport
 .rodata.CSWTCH.31
                0x03808988        0xe C:\Program Files (x86)\VEX Robotics\VEXcode Pro V5\sdk/vexv5\libv5rt.a(vex_triport.cpp.obj)
 *fill*         0x03808996        0x2 
 .rodata._ZTVN3vex10drivetrainE